Component: ARM Compiler 5.06 update 1 (build 61) Tool: armlink [4d35a8]

==============================================================================

Section Cross References

    main.o(i.BCDToString) refers to memcpya.o(.text) for __aeabi_memcpy4
    main.o(i.LoadSysCfgInfo) refers to memseta.o(.text) for __aeabi_memclr4
    main.o(i.LoadSysCfgInfo) refers to flash.o(i.FlashReadSysInfo) for FlashReadSysInfo
    main.o(i.LoadSysCfgInfo) refers to main.o(i.CheckSum) for CheckSum
    main.o(i.LoadSysCfgInfo) refers to memcpya.o(.text) for __aeabi_memcpy
    main.o(i.LoadSysCfgInfo) refers to printfa.o(i.__0printf) for __2printf
    main.o(i.LoadSysCfgInfo) refers to tasks.o(i.vTaskDelay) for vTaskDelay
    main.o(i.LoadSysCfgInfo) refers to flash.o(i.FlashReadSysInfo1) for FlashReadSysInfo1
    main.o(i.LoadSysCfgInfo) refers to server.o(i.PrintfData) for PrintfData
    main.o(i.LoadSysCfgInfo) refers to uread4.o(.text) for __aeabi_uread4
    main.o(i.LoadSysCfgInfo) refers to rtc.o(i.GetCurrentTime) for GetCurrentTime
    main.o(i.LoadSysCfgInfo) refers to main.o(i.SysCfgInit) for SysCfgInit
    main.o(i.LoadSysCfgInfo) refers to uwrite4.o(.text) for __aeabi_uwrite4
    main.o(i.LoadSysCfgInfo) refers to flash.o(i.FlashWriteSysInfo) for FlashWriteSysInfo
    main.o(i.LoadSysCfgInfo) refers to main.o(.constdata) for .constdata
    main.o(i.LoadSysCfgInfo) refers to server.o(.bss) for system_info
    main.o(i.MainTask) refers to printfa.o(i.__0printf) for __2printf
    main.o(i.MainTask) refers to led.o(i.LedInit) for LedInit
    main.o(i.MainTask) refers to tasks.o(i.vTaskDelay) for vTaskDelay
    main.o(i.MainTask) refers to gpio.o(i.GPIO_ResetBits) for GPIO_ResetBits
    main.o(i.MainTask) refers to gpio.o(i.GPIO_SetBits) for GPIO_SetBits
    main.o(i.MainTask) refers to ntcad.o(i.InitTmp) for InitTmp
    main.o(i.MainTask) refers to rtc.o(i.RtcInit) for RtcInit
    main.o(i.MainTask) refers to main.o(i.LoadSysCfgInfo) for LoadSysCfgInfo
    main.o(i.MainTask) refers to blue.o(i.BlueInit) for BlueInit
    main.o(i.MainTask) refers to server.o(i.sysTickRecover) for sysTickRecover
    main.o(i.MainTask) refers to spi_w25qx.o(i.W25Q80_Init) for W25Q80_Init
    main.o(i.MainTask) refers to tasks.o(i.xTaskCreate) for xTaskCreate
    main.o(i.MainTask) refers to rtc.o(i.GetCurrentTime) for GetCurrentTime
    main.o(i.MainTask) refers to main.o(i.StartProc) for StartProc
    main.o(i.MainTask) refers to proto.o(i.SendEventNotice) for SendEventNotice
    main.o(i.MainTask) refers to rtc.o(i.GetRtcCount) for GetRtcCount
    main.o(i.MainTask) refers to server.o(i.FlashLight) for FlashLight
    main.o(i.MainTask) refers to spi_w25qx.o(i.OrderReport) for OrderReport
    main.o(i.MainTask) refers to proto.o(i.HeartBeatHandle) for HeartBeatHandle
    main.o(i.MainTask) refers to proto.o(i.CostTemplateReq) for CostTemplateReq
    main.o(i.MainTask) refers to proto.o(i.CheckBingRelation) for CheckBingRelation
    main.o(i.MainTask) refers to proto.o(i.SendReqCostTemplate) for SendReqCostTemplate
    main.o(i.MainTask) refers to server.o(i.ServerTask) for ServerTask
    main.o(i.MainTask) refers to blue.o(i.BlueTask) for BlueTask
    main.o(i.MainTask) refers to blue.o(i.PktRecvTask) for PktRecvTask
    main.o(i.MainTask) refers to server.o(.bss) for system_info
    main.o(i.MainTask) refers to main.o(.constdata) for __func__
    main.o(i.ShowCostTemplate) refers to rtc.o(i.GetCurrentTime) for GetCurrentTime
    main.o(i.ShowCostTemplate) refers to printfa.o(i.__0printf) for __2printf
    main.o(i.ShowCostTemplate) refers to server.o(.bss) for system_info
    main.o(i.ShowCostTemplate) refers to main.o(.constdata) for __func__
    main.o(i.StartProc) refers to server.o(i.FlashLight) for FlashLight
    main.o(i.StartProc) refers to tasks.o(i.vTaskDelay) for vTaskDelay
    main.o(i.StartProc) refers to rtc.o(i.GetRtcCount) for GetRtcCount
    main.o(i.StartProc) refers to rtc.o(i.GetCurrentTime) for GetCurrentTime
    main.o(i.StartProc) refers to printfa.o(i.__0printf) for __2printf
    main.o(i.StartProc) refers to memcmp.o(.text) for memcmp
    main.o(i.StartProc) refers to proto.o(i.SendStartUpNotice) for SendStartUpNotice
    main.o(i.StartProc) refers to proto.o(i.SendRegister) for SendRegister
    main.o(i.StartProc) refers to server.o(.bss) for system_info
    main.o(i.StartProc) refers to main.o(.constdata) for __func__
    main.o(i.StartProc) refers to bluetooth.o(.constdata) for gZeroArray
    main.o(i.SysCfgInit) refers to memcpya.o(.text) for __aeabi_memcpy
    main.o(i.SysCfgInit) refers to rtc.o(i.GetCurrentTime) for GetCurrentTime
    main.o(i.SysCfgInit) refers to printfa.o(i.__0printf) for __2printf
    main.o(i.SysCfgInit) refers to server.o(i.PrintfData) for PrintfData
    main.o(i.SysCfgInit) refers to server.o(.bss) for system_info
    main.o(i.SysCfgInit) refers to main.o(.constdata) for __func__
    main.o(i.SystemClockInit) refers to cmu.o(i.SwitchTo_Fpll) for SwitchTo_Fpll
[...]
    TIMER_4_IRQHandler                       0x0000215f   Thumb Code     0  startup_ht6x2x.o(.text)
    TIMER_5_IRQHandler                       0x0000215f   Thumb Code     0  startup_ht6x2x.o(.text)
    __aeabi_uidiv                            0x00002169   Thumb Code     0  uidiv.o(.text)
    __aeabi_uidivmod                         0x00002169   Thumb Code    44  uidiv.o(.text)
    __aeabi_idiv                             0x00002195   Thumb Code     0  idiv.o(.text)
    __aeabi_idivmod                          0x00002195   Thumb Code    40  idiv.o(.text)
    mktime                                   0x000021bd   Thumb Code   124  mktime.o(.text)
    __aeabi_memcpy                           0x00002249   Thumb Code    36  memcpya.o(.text)
    __aeabi_memcpy4                          0x00002249   Thumb Code     0  memcpya.o(.text)
    __aeabi_memcpy8                          0x00002249   Thumb Code     0  memcpya.o(.text)
    __aeabi_memset                           0x0000226d   Thumb Code    14  memseta.o(.text)
    __aeabi_memset4                          0x0000226d   Thumb Code     0  memseta.o(.text)
    __aeabi_memset8                          0x0000226d   Thumb Code     0  memseta.o(.text)
    __aeabi_memclr                           0x0000227b   Thumb Code     4  memseta.o(.text)
    __aeabi_memclr4                          0x0000227b   Thumb Code     0  memseta.o(.text)
    __aeabi_memclr8                          0x0000227b   Thumb Code     0  memseta.o(.text)
    _memset$wrapper                          0x0000227f   Thumb Code    18  memseta.o(.text)
    strcat                                   0x00002291   Thumb Code    24  strcat.o(.text)
    strstr                                   0x000022a9   Thumb Code    40  strstr.o(.text)
    strncpy                                  0x000022d1   Thumb Code    26  strncpy.o(.text)
    strchr                                   0x000022eb   Thumb Code    20  strchr.o(.text)
    strlen                                   0x000022ff   Thumb Code    14  strlen.o(.text)
    memcmp                                   0x0000230d   Thumb Code    26  memcmp.o(.text)
    strncmp                                  0x00002327   Thumb Code    30  strncmp.o(.text)
    __aeabi_uread4                           0x00002345   Thumb Code    20  uread4.o(.text)
    __rt_uread4                              0x00002345   Thumb Code     0  uread4.o(.text)
    _uread4                                  0x00002345   Thumb Code     0  uread4.o(.text)
    __aeabi_uwrite4                          0x00002359   Thumb Code    18  uwrite4.o(.text)
    __rt_uwrite4                             0x00002359   Thumb Code     0  uwrite4.o(.text)
    _uwrite4                                 0x00002359   Thumb Code     0  uwrite4.o(.text)
    __0sscanf                                0x0000236d   Thumb Code    50  __0sscanf.o(.text)
    _scanf_int                               0x000023a9   Thumb Code   330  _scanf_int.o(.text)
    _scanf_string                            0x000024f3   Thumb Code   232  _scanf_str.o(.text)
    atoi                                     0x000025db   Thumb Code    26  atoi.o(.text)
    __aeabi_dadd                             0x000025f5   Thumb Code   328  dadd.o(.text)
    __aeabi_dsub                             0x0000273d   Thumb Code    12  dadd.o(.text)
    __aeabi_drsub                            0x00002749   Thumb Code    12  dadd.o(.text)
    __aeabi_dmul                             0x00002759   Thumb Code   202  dmul.o(.text)
    __aeabi_i2d                              0x00002829   Thumb Code    34  dflti.o(.text)
    __aeabi_d2iz                             0x00002851   Thumb Code    62  dfixi.o(.text)
    __aeabi_uldivmod                         0x00002899   Thumb Code    96  uldiv.o(.text)
    __aeabi_llsl                             0x000028f9   Thumb Code    32  llshl.o(.text)
    _ll_shift_l                              0x000028f9   Thumb Code     0  llshl.o(.text)
    __aeabi_llsr                             0x00002919   Thumb Code    34  llushr.o(.text)
    _ll_ushift_r                             0x00002919   Thumb Code     0  llushr.o(.text)
    __aeabi_lasr                             0x0000293b   Thumb Code    38  llsshr.o(.text)
    _ll_sshift_r                             0x0000293b   Thumb Code     0  llsshr.o(.text)
    localtime                                0x00002961   Thumb Code    10  localtime_w.o(.text)
    _localtime                               0x00002971   Thumb Code   104  localtime_i.o(.text)
    _chval                                   0x000029e5   Thumb Code    30  _chval.o(.text)
    __vfscanf_char                           0x00002a11   Thumb Code    24  scanf_char.o(.text)
    _sgetc                                   0x00002a31   Thumb Code    32  _sgetc.o(.text)
    _sbackspace                              0x00002a51   Thumb Code    36  _sgetc.o(.text)
    strtol                                   0x00002a75   Thumb Code   108  strtol.o(.text)
    __I$use$fp                               0x00002ae5   Thumb Code     0  iusefp.o(.text)
    _double_round                            0x00002ae5   Thumb Code    26  depilogue.o(.text)
    _double_epilogue                         0x00002aff   Thumb Code   164  depilogue.o(.text)
    __aeabi_ddiv                             0x00002ba5   Thumb Code   234  ddiv.o(.text)
    __aeabi_d2ulz                            0x00002c95   Thumb Code    54  dfixul.o(.text)
    __aeabi_cdrcmple                         0x00002cd5   Thumb Code    38  cdrcmple.o(.text)
    __scatterload                            0x00002cfd   Thumb Code    28  init.o(.text)
    __scatterload_rt2                        0x00002cfd   Thumb Code     0  init.o(.text)
    __rt_ctype_table                         0x00002d21   Thumb Code     4  ctype_o.o(.text)
    isspace                                  0x00002d29   Thumb Code    18  isspace_o.o(.text)
    __vfscanf                                0x00002d3d   Thumb Code   812  _scanf.o(.text)
    _strtoul                                 0x00003075   Thumb Code   166  _strtoul.o(.text)
    BCDToString                              0x0000311d   Thumb Code    86  main.o(i.BCDToString)
    BindRelation                             0x00003189   Thumb Code   188  proto.o(i.BindRelation)
    Blue24GNetProc                           0x000032bd   Thumb Code   192  blue.o(i.Blue24GNetProc)
    BlueCheckRes                             0x000033e5   Thumb Code  2066  bluetooth.o(i.BlueCheckRes)
    BlueInit                                 0x00003c3d   Thumb Code    84  blue.o(i.BlueInit)
    BluePktProc                              0x00003ca1   Thumb Code   226  blue.o(i.BluePktProc)
    BlueRecvProc                             0x00003e1d   Thumb Code  1400  blue.o(i.BlueRecvProc)
    BlueSendCmd                              0x00004399   Thumb Code   136  bluetooth.o(i.BlueSendCmd)
    BlueTask                                 0x00004449   Thumb Code   156  blue.o(i.BlueTask)
    BlueTerminal                             0x00004521   Thumb Code    54  blue.o(i.BlueTerminal)
    BootSetReqInfo                           0x0000455d   Thumb Code    26  cpucfg.o(i.BootSetReqInfo)
    BtRemoCtrlPrint                          0x0000457d   Thumb Code    28  blue.o(i.BtRemoCtrlPrint)
    BtRemoCtrlReset                          0x0000459d   Thumb Code    22  blue.o(i.BtRemoCtrlReset)
    BtSetChargerDeviceId                     0x000045b5   Thumb Code   122  blue.o(i.BtSetChargerDeviceId)
    BtSetChargerSn                           0x00004675   Thumb Code   130  blue.o(i.BtSetChargerSn)
    BtSetGateWayAddr                         0x00004739   Thumb Code   162  blue.o(i.BtSetGateWayAddr)
    BuleCheckReset                           0x0000482d   Thumb Code   172  bluetooth.o(i.BuleCheckReset)
    BuleModeAddr                             0x0000495d   Thumb Code    50  bluetooth.o(i.BuleModeAddr)
    BuleModeBaud                             0x000049ad   Thumb Code    48  bluetooth.o(i.BuleModeBaud)
    BuleModeCons                             0x000049fd   Thumb Code    50  bluetooth.o(i.BuleModeCons)
    BuleModeDevt                             0x00004a4d   Thumb Code    48  bluetooth.o(i.BuleModeDevt)
    BuleModeEcho                             0x00004a9d   Thumb Code    48  bluetooth.o(i.BuleModeEcho)
    BuleModeName                             0x00004aed   Thumb Code   120  bluetooth.o(i.BuleModeName)
    BuleModePair                             0x00004b9d   Thumb Code    50  bluetooth.o(i.BuleModePair)
    BuleModeTest                             0x00004bed   Thumb Code    50  bluetooth.o(i.BuleModeTest)
    BuleModeVers                             0x00004c3d   Thumb Code    48  bluetooth.o(i.BuleModeVers)
    BuleReconnect                            0x00004c8d   Thumb Code   250  bluetooth.o(i.BuleReconnect)
    BuleReset                                0x00004ded   Thumb Code    70  bluetooth.o(i.BuleReset)
    BuleSetDevt                              0x00004e6d   Thumb Code    50  bluetooth.o(i.BuleSetDevt)
    BuleSetGWMac                             0x00004ebd   Thumb Code   202  bluetooth.o(i.BuleSetGWMac)
    BuleSetName                              0x0000503d   Thumb Code   336  bluetooth.o(i.BuleSetName)
    BuleSetX6Count                           0x00005261   Thumb Code   176  bluetooth.o(i.BuleSetX6Count)
    CardAuthAckProc                          0x00005389   Thumb Code   154  proto.o(i.CardAuthAckProc)
    CheckBingRelation                        0x00005479   Thumb Code    16  proto.o(i.CheckBingRelation)
    CheckBlueModeCmd                         0x0000548d   Thumb Code    38  bluetooth.o(i.CheckBlueModeCmd)
    CheckModeCmd                             0x000054b9   Thumb Code    38  sim800c.o(i.CheckModeCmd)
    CheckSum                                 0x000054e5   Thumb Code    26  main.o(i.CheckSum)
    CheckUpgradeWaitTimer                    0x00005501   Thumb Code   200  x6proc.o(i.CheckUpgradeWaitTimer)
    ClearUpgradeWaitTimer                    0x00005609   Thumb Code    12  x6proc.o(i.ClearUpgradeWaitTimer)
    Close_Hrc                                0x00005619   Thumb Code    36  cmu.o(i.Close_Hrc)
    CostTempCopy                             0x0000564d   Thumb Code   628  proto.o(i.CostTempCopy)
    CostTemplateDownAck                      0x000059b5   Thumb Code    48  x6proc.o(i.CostTemplateDownAck)
    CostTemplateProc                         0x000059fd   Thumb Code    36  proto.o(i.CostTemplateProc)
    CostTemplateReq                          0x00005a21   Thumb Code    60  proto.o(i.CostTemplateReq)
    DebugPktProc                             0x00005a69   Thumb Code   642  server.o(i.DebugPktProc)
    DebugRecvProc                            0x00005d09   Thumb Code   668  server.o(i.DebugRecvProc)
    Delay_mSec                               0x0000602d   Thumb Code    36  cmu.o(i.Delay_mSec)
    DeviceBcd2str                            0x00006055   Thumb Code    48  server.o(i.DeviceBcd2str)
    FIFO_S_Flush                             0x0000608d   Thumb Code    22  fifo.o(i.FIFO_S_Flush)
    FIFO_S_Get                               0x000060a3   Thumb Code    56  fifo.o(i.FIFO_S_Get)
    FIFO_S_Init                              0x000060db   Thumb Code    46  fifo.o(i.FIFO_S_Init)
    FIFO_S_Put                               0x00006109   Thumb Code    80  fifo.o(i.FIFO_S_Put)
    FlashEraseAppBackup                      0x00006159   Thumb Code    64  flash.o(i.FlashEraseAppBackup)
    FlashLight                               0x000061cd   Thumb Code   106  server.o(i.FlashLight)
    FlashReadSysInfo                         0x00006245   Thumb Code    22  flash.o(i.FlashReadSysInfo)
    FlashReadSysInfo1                        0x0000625b   Thumb Code    22  flash.o(i.FlashReadSysInfo1)
    FlashTest                                0x00006271   Thumb Code     4  server.o(i.FlashTest)
    FlashWriteAppBackup                      0x00006275   Thumb Code    20  flash.o(i.FlashWriteAppBackup)
    FlashWriteOrder                          0x00006289   Thumb Code   454  spi_w25qx.o(i.FlashWriteOrder)
    FlashWriteSysInfo                        0x0000649d   Thumb Code   198  flash.o(i.FlashWriteSysInfo)
    FlashWriteSysInfo1                       0x000065b1   Thumb Code   166  flash.o(i.FlashWriteSysInfo1)
    FtpGet                                   0x00006685   Thumb Code  2440  sim800c.o(i.FtpGet)
    GPIO_Cfg                                 0x00007171   Thumb Code    34  gpio.o(i.GPIO_Cfg)
    GPIO_ReadInputDataBit                    0x00007193   Thumb Code    20  gpio.o(i.GPIO_ReadInputDataBit)
    GPIO_ResetBits                           0x000071a7   Thumb Code     8  gpio.o(i.GPIO_ResetBits)
    GPIO_SetBits                             0x000071af   Thumb Code     8  gpio.o(i.GPIO_SetBits)
    GetCcidSn                                0x000071b9   Thumb Code   148  server.o(i.GetCcidSn)
    GetChargerDeviceId                       0x00007275   Thumb Code    28  server.o(i.GetChargerDeviceId)
    GetChargerSn                             0x00007295   Thumb Code    28  server.o(i.GetChargerSn)
    GetCpuTemp                               0x000072b5   Thumb Code    48  ntcad.o(i.GetCpuTemp)
    GetCurrentTime                           0x000072f5   Thumb Code    44  rtc.o(i.GetCurrentTime)
    GetDataFromMode                          0x00007341   Thumb Code   186  sim800c.o(i.GetDataFromMode)
    GetFwVersion                             0x00007429   Thumb Code    28  server.o(i.GetFwVersion)
    GetGPRSBuffer                            0x00007445   Thumb Code   106  server.o(i.GetGPRSBuffer)
    GetGunIdByTerminalId                     0x000074ed   Thumb Code     8  x6proc.o(i.GetGunIdByTerminalId)
    GetHistoryOrderNum                       0x000074f5   Thumb Code   188  x6proc.o(i.GetHistoryOrderNum)
    GetIsMyTurnToUpgrade                     0x000075c1   Thumb Code   436  x6proc.o(i.GetIsMyTurnToUpgrade)
    GetPcbCode                               0x0000789d   Thumb Code    30  server.o(i.GetPcbCode)
    GetPktSum                                0x000078c1   Thumb Code    26  proto.o(i.GetPktSum)
    GetRtcCount                              0x000078dd   Thumb Code     6  rtc.o(i.GetRtcCount)
    GetRtcTick                               0x000078e9   Thumb Code    40  server.o(i.GetRtcTick)
    GetRtcTime                               0x00007911   Thumb Code    96  rtc.o(i.GetRtcTime)
    GetTerminalIdByGunId                     0x00007975   Thumb Code     8  x6proc.o(i.GetTerminalIdByGunId)
    GetTimeStamp                             0x0000797d   Thumb Code    76  rtc.o(i.GetTimeStamp)
    GprsCheckRes                             0x000079c9   Thumb Code   322  sim800c.o(i.GprsCheckRes)
    GprsCmdChkNoSpace                        0x00007bc1   Thumb Code   134  server.o(i.GprsCmdChkNoSpace)
    GprsInit                                 0x00007c79   Thumb Code    86  sim800c.o(i.GprsInit)
    GprsReset                                0x00007d01   Thumb Code    18  sim800c.o(i.GprsReset)
    GprsSendCmd                              0x00007d19   Thumb Code    98  sim800c.o(i.GprsSendCmd)
    GprsSendCmdChkNoSpace                    0x00007d81   Thumb Code   102  server.o(i.GprsSendCmdChkNoSpace)
    GprsSendData                             0x00007ded   Thumb Code    56  sim800c.o(i.GprsSendData)
    HT_CMU_ClkCtrl0Config                    0x00007e25   Thumb Code    54  cmu.o(i.HT_CMU_ClkCtrl0Config)
    HT_CMU_ClkCtrl1Config                    0x00007e6d   Thumb Code    52  cmu.o(i.HT_CMU_ClkCtrl1Config)
    HT_Flash_ByteRead                        0x00007ead   Thumb Code    26  flash.o(i.HT_Flash_ByteRead)
    HT_Flash_ByteWrite                       0x00007ecd   Thumb Code    82  flash.o(i.HT_Flash_ByteWrite)
    HT_Flash_PageErase                       0x00007f39   Thumb Code    72  flash.o(i.HT_Flash_PageErase)
    HT_GPIO_Init                             0x00007f99   Thumb Code   150  gpio.o(i.HT_GPIO_Init)
    HT_SPI_ITFlagStatusGet                   0x0000803d   Thumb Code    18  spi.o(i.HT_SPI_ITFlagStatusGet)
    HT_SPI_Init                              0x0000804f   Thumb Code    40  spi.o(i.HT_SPI_Init)
    HardFault_Handler                        0x00008079   Thumb Code    10  cpucfg.o(i.HardFault_Handler)
    HeartBeatAckProc                         0x00008091   Thumb Code   156  proto.o(i.HeartBeatAckProc)
    HeartBeatHandle                          0x00008181   Thumb Code    98  proto.o(i.HeartBeatHandle)
    InitTmp                                  0x0000822d   Thumb Code    42  ntcad.o(i.InitTmp)
    Init_Uart0                               0x0000826d   Thumb Code   106  usart.o(i.Init_Uart0)
    Init_Uart1                               0x000082e5   Thumb Code   106  usart.o(i.Init_Uart1)
    Init_Uart2                               0x0000835d   Thumb Code   108  usart.o(i.Init_Uart2)
    Init_Uart3                               0x000083d5   Thumb Code   108  usart.o(i.Init_Uart3)
    LedInit                                  0x0000844d   Thumb Code    22  led.o(i.LedInit)
    LedTest                                  0x00008469   Thumb Code   126  server.o(i.LedTest)
    LinuxTickToDay                           0x000084ed   Thumb Code    52  rtc.o(i.LinuxTickToDay)
    LoadSysCfgInfo                           0x00008521   Thumb Code   406  main.o(i.LoadSysCfgInfo)
    ME3630CheckModeCmd                       0x000087c5   Thumb Code    56  me3630.o(i.ME3630CheckModeCmd)
    ME3630GetCREG                            0x00008805   Thumb Code    98  me3630.o(i.ME3630GetCREG)
    ME3630GetModuleId                        0x000088b9   Thumb Code   102  me3630.o(i.ME3630GetModuleId)
    ME3630_check_ATE                         0x00008965   Thumb Code    50  me3630.o(i.ME3630_check_ATE)
    ME3630_check_ATI                         0x000089b5   Thumb Code    50  me3630.o(i.ME3630_check_ATI)
    ME3630_check_CCID                        0x00008a05   Thumb Code    50  me3630.o(i.ME3630_check_CCID)
    ME3630_check_COPS                        0x00008a55   Thumb Code    50  me3630.o(i.ME3630_check_COPS)
    ME3630_check_CREG                        0x00008aa5   Thumb Code    50  me3630.o(i.ME3630_check_CREG)
    ME3630_check_CSQ                         0x00008af5   Thumb Code    50  me3630.o(i.ME3630_check_CSQ)
    ME3630_check_GMM                         0x00008b45   Thumb Code    50  me3630.o(i.ME3630_check_GMM)
    ME3630_check_ZIPCALL                     0x00008b95   Thumb Code    50  me3630.o(i.ME3630_check_ZIPCALL)
    ME3630_check_ZIPCALL0                    0x00008be5   Thumb Code    50  me3630.o(i.ME3630_check_ZIPCALL0)
    ME3630_check_ZIPCALL1                    0x00008c35   Thumb Code    50  me3630.o(i.ME3630_check_ZIPCALL1)
    ME3630_check_ZPAS                        0x00008c85   Thumb Code    50  me3630.o(i.ME3630_check_ZPAS)
    ME3630_check_cpin                        0x00008cd5   Thumb Code    50  me3630.o(i.ME3630_check_cpin)
    ME3630_check_test                        0x00008d25   Thumb Code   180  me3630.o(i.ME3630_check_test)
    ME3630_ipopen                            0x00008e5d   Thumb Code   160  me3630.o(i.ME3630_ipopen)
    MainTask                                 0x00008f0d   Thumb Code   344  main.o(i.MainTask)
    MakeGunHearBeatInfo                      0x000090ed   Thumb Code   426  proto.o(i.MakeGunHearBeatInfo)
    Me3630CheckRes                           0x000092f1   Thumb Code   348  me3630.o(i.Me3630CheckRes)
    Me3630CheckResnospace                    0x000094f5   Thumb Code    74  me3630.o(i.Me3630CheckResnospace)
    Me3630FtpGet                             0x00009551   Thumb Code  2212  me3630.o(i.Me3630FtpGet)
    Me3630Init                               0x00009f79   Thumb Code   126  me3630.o(i.Me3630Init)
    Me3630OpenSet                            0x0000a031   Thumb Code   142  me3630.o(i.Me3630OpenSet)
    Me3630Reconnect                          0x0000a151   Thumb Code   246  me3630.o(i.Me3630Reconnect)
    Me3630Reset                              0x0000a2c5   Thumb Code    26  me3630.o(i.Me3630Reset)
    Me3630SendCmd                            0x0000a2e5   Thumb Code    98  me3630.o(i.Me3630SendCmd)
    Me3630SendCmdnospace                     0x0000a34d   Thumb Code   132  me3630.o(i.Me3630SendCmdnospace)
    Me3630SendData                           0x0000a3e1   Thumb Code    56  me3630.o(i.Me3630SendData)
    Me3630SocketSend                         0x0000a419   Thumb Code   304  me3630.o(i.Me3630SocketSend)
    MeGprsPowerOn                            0x0000a635   Thumb Code    82  me3630.o(i.MeGprsPowerOn)
    MuxSempGive                              0x0000a6b9   Thumb Code     6  server.o(i.MuxSempGive)
    MuxSempTake                              0x0000a6c1   Thumb Code    32  server.o(i.MuxSempTake)
    NetConnect                               0x0000a869   Thumb Code    32  server.o(i.NetConnect)
    NetModeTest                              0x0000a88d   Thumb Code    56  server.o(i.NetModeTest)
    OpenNet                                  0x0000a8cd   Thumb Code   168  server.o(i.OpenNet)
    OrderReport                              0x0000a985   Thumb Code   390  spi_w25qx.o(i.OrderReport)
    PktInQueue                               0x0000aba1   Thumb Code   284  server.o(i.PktInQueue)
    PktRecvTask                              0x0000ad01   Thumb Code    90  blue.o(i.PktRecvTask)
    PrintfData                               0x0000ad6d   Thumb Code    74  server.o(i.PrintfData)
    ProcGunStatus                            0x0000adfd   Thumb Code    70  x6proc.o(i.ProcGunStatus)
    ProcTerminal                             0x0000ae49   Thumb Code    84  server.o(i.ProcTerminal)
    QueListenMode                            0x0000aec9   Thumb Code   308  server.o(i.QueListenMode)
    RTC_IRQHandler                           0x0000b0e9   Thumb Code    36  rtc.o(i.RTC_IRQHandler)
    ReceiveDevBindRelationAck                0x0000b115   Thumb Code    62  proto.o(i.ReceiveDevBindRelationAck)
    ReceiveX6BindAck                         0x0000b1a1   Thumb Code   200  x6proc.o(i.ReceiveX6BindAck)
    ReceiveX6FwUpgrade2_4gAck                0x0000b32d   Thumb Code   116  x6proc.o(i.ReceiveX6FwUpgrade2_4gAck)
    ReceiveX6FwUpgradeDownload2_4gAck        0x0000b42d   Thumb Code   374  x6proc.o(i.ReceiveX6FwUpgradeDownload2_4gAck)
    Recv24gData                              0x0000b641   Thumb Code   560  blue.o(i.Recv24gData)
    RecvBtData                               0x0000b941   Thumb Code   384  blue.o(i.RecvBtData)
    RecvServerData                           0x0000bb45   Thumb Code   548  proto.o(i.RecvServerData)
    RecvX6AuthReqProc                        0x0000bfed   Thumb Code   320  x6proc.o(i.RecvX6AuthReqProc)
    RecvX6AuthResultProc                     0x0000c1d9   Thumb Code    22  x6proc.o(i.RecvX6AuthResultProc)
    RecvX6Data                               0x0000c225   Thumb Code   204  x6proc.o(i.RecvX6Data)
    RecvX6HeartBeatProc                      0x0000c32d   Thumb Code   254  x6proc.o(i.RecvX6HeartBeatProc)
    RecvX6ReqStartChargingAck                0x0000c4d5   Thumb Code   172  x6proc.o(i.RecvX6ReqStartChargingAck)
    RecvX6ReqStopChargingAck                 0x0000c5e1   Thumb Code   166  x6proc.o(i.RecvX6ReqStopChargingAck)
    RecvX6ScanCodeStartChargerAck            0x0000c6d1   Thumb Code    64  x6proc.o(i.RecvX6ScanCodeStartChargerAck)
    RecvX6StartChargingNotice                0x0000c749   Thumb Code   236  x6proc.o(i.RecvX6StartChargingNotice)
    RecvX6StopChargingNotice                 0x0000c8ad   Thumb Code   566  x6proc.o(i.RecvX6StopChargingNotice)
    RegisterAckProc                          0x0000cc15   Thumb Code   132  proto.o(i.RegisterAckProc)
    RemoCtrlProc                             0x0000cd15   Thumb Code    36  blue.o(i.RemoCtrlProc)
    RemoteCtrlProc                           0x0000cd39   Thumb Code    58  proto.o(i.RemoteCtrlProc)
    ReqStartCharging                         0x0000cda1   Thumb Code   126  proto.o(i.ReqStartCharging)
    ReqStopCharging                          0x0000ce7d   Thumb Code    82  proto.o(i.ReqStopCharging)
    ReqX6StartCharging                       0x0000cf05   Thumb Code   236  blue.o(i.ReqX6StartCharging)
    ReqX6StopCharging                        0x0000d055   Thumb Code   190  blue.o(i.ReqX6StopCharging)
    RtcInit                                  0x0000d179   Thumb Code    92  rtc.o(i.RtcInit)
    RxX6EventNotice                          0x0000d201   Thumb Code   132  x6proc.o(i.RxX6EventNotice)
    SOCKET_open_set                          0x0000d2c1   Thumb Code   160  sim800c.o(i.SOCKET_open_set)
    ScanCodeStartChargerAck                  0x0000d405   Thumb Code    72  x6proc.o(i.ScanCodeStartChargerAck)
    SendBingRelationAck                      0x0000d485   Thumb Code    46  proto.o(i.SendBingRelationAck)
    SendBluePkt                              0x0000d4c9   Thumb Code   256  bluetooth.o(i.SendBluePkt)
    SendBtRemoCtrlAck                        0x0000d5dd   Thumb Code    50  blue.o(i.SendBtRemoCtrlAck)
    SendCardAuthReq                          0x0000d611   Thumb Code   164  proto.o(i.SendCardAuthReq)
    SendCostTemplateAck                      0x0000d709   Thumb Code    60  proto.o(i.SendCostTemplateAck)
    SendCsqCmd                               0x0000d761   Thumb Code    56  server.o(i.SendCsqCmd)
    SendDebugPkt                             0x0000d7b1   Thumb Code    74  server.o(i.SendDebugPkt)
    SendDevBingRelation                      0x0000d7fd   Thumb Code   132  proto.o(i.SendDevBingRelation)
    SendEventNotice                          0x0000d8d1   Thumb Code   138  proto.o(i.SendEventNotice)
    SendHeartBeatFun                         0x0000d979   Thumb Code   218  proto.o(i.SendHeartBeatFun)
    SendIccidCmd                             0x0000da8d   Thumb Code    56  server.o(i.SendIccidCmd)
    SendProtoPkt                             0x0000dae9   Thumb Code   172  proto.o(i.SendProtoPkt)
    SendRegister                             0x0000dbfd   Thumb Code   104  proto.o(i.SendRegister)
    SendReqBingRelation                      0x0000dc9d   Thumb Code    76  proto.o(i.SendReqBingRelation)
    SendReqCostTemplate                      0x0000dd09   Thumb Code    76  proto.o(i.SendReqCostTemplate)
    SendSocketData                           0x0000dd91   Thumb Code   130  server.o(i.SendSocketData)
    SendStartChargingAck                     0x0000de75   Thumb Code    74  proto.o(i.SendStartChargingAck)
    SendStartChargingNotice                  0x0000dee5   Thumb Code   194  proto.o(i.SendStartChargingNotice)
    SendStartUpNotice                        0x0000e019   Thumb Code   210  proto.o(i.SendStartUpNotice)
    SendStopChargingAck                      0x0000e125   Thumb Code    70  proto.o(i.SendStopChargingAck)
    SendStopChargingNotice                   0x0000e18d   Thumb Code    84  proto.o(i.SendStopChargingNotice)
    SendX6AuthReqAck                         0x0000e205   Thumb Code    78  x6proc.o(i.SendX6AuthReqAck)
    SendX6CostTemplate                       0x0000e289   Thumb Code   674  x6proc.o(i.SendX6CostTemplate)
    SendX6FwUpgrade2_4gNotice                0x0000e66d   Thumb Code   418  x6proc.o(i.SendX6FwUpgrade2_4gNotice)
    SendX6FwUpgradeDownload2_4gNotice        0x0000e825   Thumb Code   272  x6proc.o(i.SendX6FwUpgradeDownload2_4gNotice)
    SendX6HeartBeatReqPkt                    0x0000e981   Thumb Code   356  x6proc.o(i.SendX6HeartBeatReqPkt)
    SendX6Pkt                                0x0000ebad   Thumb Code   148  x6proc.o(i.SendX6Pkt)
    SendX6ReqPkt                             0x0000ec55   Thumb Code   152  blue.o(i.SendX6ReqPkt)
    SendX6StartChargingAck                   0x0000ed29   Thumb Code    54  x6proc.o(i.SendX6StartChargingAck)
    SendX6UpgradeReqAck                      0x0000ed91   Thumb Code    74  x6proc.o(i.SendX6UpgradeReqAck)
    ServerRecvProc                           0x0000ee21   Thumb Code   812  server.o(i.ServerRecvProc)
    ServerTask                               0x0000f1f9   Thumb Code   120  server.o(i.ServerTask)
    SetGateWay24GMacAddr                     0x0000f295   Thumb Code    88  bluetooth.o(i.SetGateWay24GMacAddr)
    SetListenMode                            0x0000f311   Thumb Code   374  server.o(i.SetListenMode)
    SetMode4gTo2g                            0x0000f5bd   Thumb Code   148  server.o(i.SetMode4gTo2g)
    SetPcbCode                               0x0000f701   Thumb Code    50  server.o(i.SetPcbCode)
    SetRtcCount                              0x0000f73d   Thumb Code    28  rtc.o(i.SetRtcCount)
    SetRtcTick                               0x0000f75d   Thumb Code    46  server.o(i.SetRtcTick)
    SetRtcTime                               0x0000f78d   Thumb Code   100  rtc.o(i.SetRtcTime)
    SetUpgradeInfo                           0x0000f801   Thumb Code   278  server.o(i.SetUpgradeInfo)
    SetX6Count                               0x0000f955   Thumb Code    68  bluetooth.o(i.SetX6Count)
    Set_Uart_Bandrate                        0x0000f9b1   Thumb Code    22  usart.o(i.Set_Uart_Bandrate)
    ShakeReqProc                             0x0000f9c9   Thumb Code   102  blue.o(i.ShakeReqProc)
    Sim800cReconnect                         0x0000fa4d   Thumb Code   246  sim800c.o(i.Sim800cReconnect)
    SocketSendData                           0x0000fbb9   Thumb Code   342  sim800c.o(i.SocketSendData)
    SpiReadWriteByte                         0x0000fe85   Thumb Code    42  spi_w25qx.o(i.SpiReadWriteByte)
    StartProc                                0x0000feb1   Thumb Code   164  main.o(i.StartProc)
    StartUpAckProc                           0x0000ff85   Thumb Code   118  proto.o(i.StartUpAckProc)
    StopChargingNoticeAck                    0x00010065   Thumb Code    82  proto.o(i.StopChargingNoticeAck)
    SwitchTo_Fpll                            0x000100c1   Thumb Code    58  cmu.o(i.SwitchTo_Fpll)
    SysCfgInit                               0x00010109   Thumb Code   310  main.o(i.SysCfgInit)
    SysTick_Handler                          0x00010345   Thumb Code    32  port.o(i.SysTick_Handler)
    SystemClockInit                          0x00010369   Thumb Code    48  main.o(i.SystemClockInit)
    SystemInit                               0x000103ad   Thumb Code     2  system_ht6xxx.o(i.SystemInit)
    TBS_IRQHandler                           0x000103af   Thumb Code     2  ntcad.o(i.TBS_IRQHandler)
    TestStatus                               0x000103b1   Thumb Code   122  server.o(i.TestStatus)
    UART0_IRQHandler                         0x0001047d   Thumb Code    92  usart.o(i.UART0_IRQHandler)
    UART1_IRQHandler                         0x000104dd   Thumb Code    92  usart.o(i.UART1_IRQHandler)
    UART2_IRQHandler                         0x0001053d   Thumb Code    92  usart.o(i.UART2_IRQHandler)
    UART3_IRQHandler                         0x0001059d   Thumb Code   110  usart.o(i.UART3_IRQHandler)
    UART4_IRQHandler                         0x00010619   Thumb Code    92  usart.o(i.UART4_IRQHandler)
    UART5_IRQHandler                         0x00010679   Thumb Code    92  usart.o(i.UART5_IRQHandler)
    UART6_IRQHandler                         0x000106d9   Thumb Code    92  usart.o(i.UART6_IRQHandler)
    UartSendData                             0x00010739   Thumb Code    70  usart.o(i.UartSendData)
    UsartFlush                               0x00010781   Thumb Code    20  usart.o(i.UsartFlush)
    UsartGetOneData                          0x00010799   Thumb Code    24  usart.o(i.UsartGetOneData)
    UsartGetline                             0x000107b5   Thumb Code   146  server.o(i.UsartGetline)
    UsartInit                                0x0001084d   Thumb Code    44  usart.o(i.UsartInit)
    UsartSend                                0x0001087d   Thumb Code    46  usart.o(i.UsartSend)
    W25Q80_Init                              0x000108b1   Thumb Code   118  spi_w25qx.o(i.W25Q80_Init)
    W25Qx_Erase_Sector                       0x00010981   Thumb Code    92  spi_w25qx.o(i.W25Qx_Erase_Sector)
    W25Qx_ReadID                             0x000109e5   Thumb Code    78  spi_w25qx.o(i.W25Qx_ReadID)
    W25Qx_Read_Bytes                         0x00010a3d   Thumb Code   106  spi_w25qx.o(i.W25Qx_Read_Bytes)
    W25Qx_Read_StatusReg1                    0x00010ab5   Thumb Code    42  spi_w25qx.o(i.W25Qx_Read_StatusReg1)
    W25Qx_Wait_Busy                          0x00010ae9   Thumb Code    24  spi_w25qx.o(i.W25Qx_Wait_Busy)
    W25Qx_Wait_Busy_Noblock                  0x00010b01   Thumb Code    18  spi_w25qx.o(i.W25Qx_Wait_Busy_Noblock)
    W25Qx_WritePage                          0x00010b15   Thumb Code    92  spi_w25qx.o(i.W25Qx_WritePage)
    W25Qx_Write_Enable                       0x00010b79   Thumb Code    28  spi_w25qx.o(i.W25Qx_Write_Enable)
    WriteUpdateInfo                          0x00010b9d   Thumb Code    24  flash.o(i.WriteUpdateInfo)
    X6AuthResult                             0x00010bbd   Thumb Code   254  blue.o(i.X6AuthResult)
    X6Req2_4gUpgrade                         0x00010d1d   Thumb Code   326  x6proc.o(i.X6Req2_4gUpgrade)
    X6ReqCostTemplate                        0x00010f19   Thumb Code   180  x6proc.o(i.X6ReqCostTemplate)
    __0printf                                0x00011001   Thumb Code    24  printfa.o(i.__0printf)
    __1printf                                0x00011001   Thumb Code     0  printfa.o(i.__0printf)
    __2printf                                0x00011001   Thumb Code     0  printfa.o(i.__0printf)
    __c89printf                              0x00011001   Thumb Code     0  printfa.o(i.__0printf)
    printf                                   0x00011001   Thumb Code     0  printfa.o(i.__0printf)
    __0sprintf                               0x00011021   Thumb Code    36  printfa.o(i.__0sprintf)
    __1sprintf                               0x00011021   Thumb Code     0  printfa.o(i.__0sprintf)
    __2sprintf                               0x00011021   Thumb Code     0  printfa.o(i.__0sprintf)
    __c89sprintf                             0x00011021   Thumb Code     0  printfa.o(i.__0sprintf)
    sprintf                                  0x00011021   Thumb Code     0  printfa.o(i.__0sprintf)
    __ARM_clz                                0x00011049   Thumb Code    46  depilogue.o(i.__ARM_clz)
    __ARM_common_switch8                     0x00011077   Thumb Code    28  proto.o(i.__ARM_common_switch8)
    __aeabi_errno_addr                       0x00011095   Thumb Code     4  errno.o(i.__aeabi_errno_addr)
    __rt_errno_addr                          0x00011095   Thumb Code     0  errno.o(i.__aeabi_errno_addr)
    __scatterload_copy                       0x0001109d   Thumb Code    14  handlers.o(i.__scatterload_copy)
    __scatterload_null                       0x000110ab   Thumb Code     2  handlers.o(i.__scatterload_null)
    __scatterload_zeroinit                   0x000110ad   Thumb Code    14  handlers.o(i.__scatterload_zeroinit)
    delay                                    0x00011957   Thumb Code    16  main.o(i.delay)
    fputc                                    0x00011969   Thumb Code    76  server.o(i.fputc)
    gprs_power_off                           0x000119bd   Thumb Code    44  sim800c.o(i.gprs_power_off)
    gprs_power_on                            0x00011a15   Thumb Code    76  sim800c.o(i.gprs_power_on)
    isArraryEmpty                            0x00011a91   Thumb Code    30  bluetooth.o(i.isArraryEmpty)
    main                                     0x00011ab1   Thumb Code    58  main.o(i.main)
    pvPortMalloc                             0x00011f15   Thumb Code   264  heap_4.o(i.pvPortMalloc)
    pxPortInitialiseStack                    0x00012031   Thumb Code    26  port.o(i.pxPortInitialiseStack)
    restoi                                   0x00012051   Thumb Code    66  server.o(i.restoi)
    sim800_check_ATE                         0x00012095   Thumb Code    48  sim800c.o(i.sim800_check_ATE)
    sim800_check_ATI                         0x000120e1   Thumb Code    48  sim800c.o(i.sim800_check_ATI)
    sim800_check_CCID                        0x0001212d   Thumb Code    48  sim800c.o(i.sim800_check_CCID)
    sim800_check_CGATT                       0x00012179   Thumb Code    50  sim800c.o(i.sim800_check_CGATT)
    sim800_check_CIICR                       0x000121c9   Thumb Code    76  sim800c.o(i.sim800_check_CIICR)
    sim800_check_CIPMUX                      0x00012235   Thumb Code    50  sim800c.o(i.sim800_check_CIPMUX)
    sim800_check_CIPRXGET                    0x00012285   Thumb Code    48  sim800c.o(i.sim800_check_CIPRXGET)
    sim800_check_CIPSHUT                     0x000122d1   Thumb Code    50  sim800c.o(i.sim800_check_CIPSHUT)
    sim800_check_CREG                        0x00012321   Thumb Code    48  sim800c.o(i.sim800_check_CREG)
    sim800_check_CSCLK                       0x0001236d   Thumb Code    48  sim800c.o(i.sim800_check_CSCLK)
    sim800_check_CSQ                         0x000123b9   Thumb Code    48  sim800c.o(i.sim800_check_CSQ)
    sim800_check_CSTT                        0x00012405   Thumb Code    50  sim800c.o(i.sim800_check_CSTT)
    sim800_check_ack                         0x00012455   Thumb Code    50  sim800c.o(i.sim800_check_ack)
    sim800_check_cpin                        0x000124a5   Thumb Code    48  sim800c.o(i.sim800_check_cpin)
    sim800_check_reset                       0x000124f1   Thumb Code   162  sim800c.o(i.sim800_check_reset)
    sim800_default                           0x0001260d   Thumb Code    24  sim800c.o(i.sim800_default)
    sim800_ipopen                            0x00012629   Thumb Code   172  sim800c.o(i.sim800_ipopen)
    sysTickRecover                           0x000126f9   Thumb Code    48  server.o(i.sysTickRecover)
    trim                                     0x00012755   Thumb Code    42  server.o(i.trim)
    uxListRemove                             0x0001277f   Thumb Code    40  list.o(i.uxListRemove)
    vListInitialise                          0x000127a7   Thumb Code    26  list.o(i.vListInitialise)
    vListInitialiseItem                      0x000127c1   Thumb Code     6  list.o(i.vListInitialiseItem)
    vListInsert                              0x000127c7   Thumb Code    54  list.o(i.vListInsert)
    vListInsertEnd                           0x000127fd   Thumb Code    24  list.o(i.vListInsertEnd)
    vPortEnterCritical                       0x00012815   Thumb Code    22  port.o(i.vPortEnterCritical)
    vPortExitCritical                        0x00012831   Thumb Code    36  port.o(i.vPortExitCritical)
    vPortFree                                0x00012859   Thumb Code   120  heap_4.o(i.vPortFree)
    vPortYield                               0x000128d9   Thumb Code    18  port.o(i.vPortYield)
    vTaskDelay                               0x000128f1   Thumb Code    62  tasks.o(i.vTaskDelay)
    vTaskStartScheduler                      0x00012935   Thumb Code    80  tasks.o(i.vTaskStartScheduler)
    vTaskSuspendAll                          0x000129a1   Thumb Code    12  tasks.o(i.vTaskSuspendAll)
    vTaskSwitchContext                       0x000129b1   Thumb Code   108  tasks.o(i.vTaskSwitchContext)
    xPortStartScheduler                      0x00012a31   Thumb Code    48  port.o(i.xPortStartScheduler)
    xTaskCreate                              0x00012a69   Thumb Code    92  tasks.o(i.xTaskCreate)
    xTaskIncrementTick                       0x00012ac5   Thumb Code   218  tasks.o(i.xTaskIncrementTick)
    xTaskResumeAll                           0x00012bc5   Thumb Code   196  tasks.o(i.xTaskResumeAll)
    ipinit_tab                               0x00012cf4   Data         380  sim800c.o(.constdata)
    gConstZero                               0x00013170   Data          64  server.o(.constdata)
    gMe3630InitTab                           0x00013564   Data         280  me3630.o(.constdata)
    gZeroArray                               0x000138c4   Data           8  bluetooth.o(.constdata)
    gBlueInitTab                             0x000138cc   Data         300  bluetooth.o(.constdata)
    __ctype_table                            0x00013b1f   Data         129  ctype_o.o(.constdata)
    Region$$Table$$Base                      0x0001469c   Number         0  anon$$obj.o(Region$$Table)
    Region$$Table$$Limit                     0x000146bc   Number         0  anon$$obj.o(Region$$Table)
    updateInfo                               0x20000000   Data           8  cpucfg.o(.data)
    gProtoSendMux                            0x2000000c   Data           1  proto.o(.data)
    gSendHearBeatCnt                         0x2000000d   Data           1  proto.o(.data)
    gpFwName                                 0x20000010   Data          36  server.o(.data)
    gNetSignal                               0x20000034   Data           1  server.o(.data)
    gWrite                                   0x20000036   Data           2  server.o(.data)
    gGprsSendMux                             0x20000038   Data           1  server.o(.data)
    gGprsRxLen                               0x2000003a   Data           2  server.o(.data)
    gSimStatus                               0x2000003c   Data           4  server.o(.data)
    istage                                   0x20000040   Data           1  server.o(.data)
    gCurrentModuleInitType                   0x20000041   Data           1  server.o(.data)
    gGetModuleType                           0x20000042   Data           1  server.o(.data)
    gSysSecond                               0x2000007c   Data           4  rtc.o(.data)
    gBlueSendMux                             0x20000080   Data           1  bluetooth.o(.data)
    gBlueInitStep                            0x20000081   Data           1  bluetooth.o(.data)
    pxCurrentTCB                             0x200000a0   Data           4  tasks.o(.data)
    __stdout                                 0x200000dc   Data           4  stdout.o(.data)
    gProtoSendBuff                           0x200000e4   Data         256  proto.o(.bss)
    system_info                              0x200001e4   Data         351  server.o(.bss)
    system_info1                             0x20000343   Data          13  server.o(.bss)
    gPrintBuff                               0x20000350   Data         256  server.o(.bss)
    gSocketPktRxCtrl                         0x20000450   Data          12  server.o(.bss)
    gGprsRxBuff                              0x2000045c   Data         256  server.o(.bss)
    gprsBuffer                               0x2000055c   Data         520  server.o(.bss)
    gChgInfo                                 0x20000764   Data         276  server.o(.bss)
    gun_info                                 0x20000878   Data         552  server.o(.bss)
    gProtoRecvBuff0                          0x20000aa0   Data         100  server.o(.bss)
    gProtoRecvBuff1                          0x20000b04   Data         100  server.o(.bss)
    gProtoRecvBuff2                          0x20000b68   Data         100  server.o(.bss)
    gProtoRecvBuff3                          0x20000bcc   Data         100  server.o(.bss)
    gQueueInfo                               0x20000c30   Data          20  server.o(.bss)
    gBlueCtrl                                0x20000ebc   Data          48  blue.o(.bss)
    gBuleRxData                              0x20000eec   Data         256  blue.o(.bss)
    gBuleSendBuff                            0x20000fec   Data         256  blue.o(.bss)
    gRouteRxData                             0x200010ec   Data         256  blue.o(.bss)
    gBtRxData                                0x200011ec   Data          64  blue.o(.bss)
    gTradeBuffer                             0x2000122c   Data        4096  spi_w25qx.o(.bss)
    UART0_RxBuff                             0x2000222c   Data         256  usart.o(.bss)
    UART1_RxBuff                             0x2000232c   Data         256  usart.o(.bss)
    UART2_RxBuff                             0x2000242c   Data         128  usart.o(.bss)
    UART3_RxBuff                             0x200024ac   Data         520  usart.o(.bss)
    UART4_RxBuff                             0x200026b4   Data          64  usart.o(.bss)
    UART5_RxBuff                             0x200026f4   Data          64  usart.o(.bss)
    UART6_RxBuff                             0x20002734   Data          64  usart.o(.bss)
    UART7_RxBuff                             0x20002774   Data          64  usart.o(.bss)
    gUartPortAddr                            0x200027b4   Data         288  usart.o(.bss)
    gTimeStr                                 0x200028d4   Data          16  rtc.o(.bss)
    gBlueRecvData                            0x200028e4   Data          64  bluetooth.o(.bss)
    __initial_sp                             0x200069c8   Data           0  startup_ht6x2x.o(STACK)



==============================================================================

Memory Map of the image

  Image Entry point : 0x000020c1

  Load Region LR_IROM1 (Base: 0x00002000, Size: 0x000127a0, Max: 0x0001b800, ABSOLUTE)

    Execution Region ER_IROM1 (Base: 0x00002000, Size: 0x000126bc, Max: 0x0001b800, ABSOLUTE)

    Base Addr    Size         Type   Attr      Idx    E Section Name        Object

    0x00002000   0x000000c0   Data   RO         2648    RESET               startup_ht6x2x.o
    0x000020c0   0x00000000   Code   RO         3381  * .ARM.Collect$$$$00000000  mc_p.l(entry.o)
    0x000020c0   0x00000004   Code   RO         3704    .ARM.Collect$$$$00000001  mc_p.l(entry2.o)
    0x000020c4   0x00000004   Code   RO         3707    .ARM.Collect$$$$00000004  mc_p.l(entry5.o)
    0x000020c8   0x00000000   Code   RO         3709    .ARM.Collect$$$$00000008  mc_p.l(entry7b.o)
    0x000020c8   0x00000000   Code   RO         3711    .ARM.Collect$$$$0000000A  mc_p.l(entry8b.o)
    0x000020c8   0x00000008   Code   RO         3712    .ARM.Collect$$$$0000000B  mc_p.l(entry9a.o)
    0x000020d0   0x00000000   Code   RO         3714    .ARM.Collect$$$$0000000D  mc_p.l(entry10a.o)
    0x000020d0   0x00000000   Code   RO         3716    .ARM.Collect$$$$0000000F  mc_p.l(entry11a.o)
    0x000020d0   0x00000004   Code   RO         3705    .ARM.Collect$$$$00002712  mc_p.l(entry2.o)
    0x000020d4   0x00000078   Code   RO         2656    .emb_text           port.o
    0x0000214c   0x0000001c   Code   RO         2650    .text               startup_ht6x2x.o
    0x00002168   0x0000002c   Code   RO         3384    .text               mc_p.l(uidiv.o)
    0x00002194   0x00000028   Code   RO         3386    .text               mc_p.l(idiv.o)
    0x000021bc   0x0000008c   Code   RO         3392    .text               mc_p.l(mktime.o)
    0x00002248   0x00000024   Code   RO         3395    .text               mc_p.l(memcpya.o)
    0x0000226c   0x00000024   Code   RO         3397    .text               mc_p.l(memseta.o)
    0x00002290   0x00000018   Code   RO         3399    .text               mc_p.l(strcat.o)
    0x000022a8   0x00000028   Code   RO         3401    .text               mc_p.l(strstr.o)
    0x000022d0   0x0000001a   Code   RO         3403    .text               mc_p.l(strncpy.o)
    0x000022ea   0x00000014   Code   RO         3405    .text               mc_p.l(strchr.o)
    0x000022fe   0x0000000e   Code   RO         3407    .text               mc_p.l(strlen.o)
    0x0000230c   0x0000001a   Code   RO         3409    .text               mc_p.l(memcmp.o)
    0x00002326   0x0000001e   Code   RO         3413    .text               mc_p.l(strncmp.o)
    0x00002344   0x00000014   Code   RO         3678    .text               mc_p.l(uread4.o)
    0x00002358   0x00000012   Code   RO         3680    .text               mc_p.l(uwrite4.o)
    0x0000236a   0x00000002   PAD
    0x0000236c   0x0000003c   Code   RO         3682    .text               mc_p.l(__0sscanf.o)
    0x000023a8   0x0000014a   Code   RO         3684    .text               mc_p.l(_scanf_int.o)
    0x000024f2   0x000000e8   Code   RO         3686    .text               mc_p.l(_scanf_str.o)
    0x000025da   0x0000001a   Code   RO         3688    .text               mc_p.l(atoi.o)
    0x000025f4   0x00000164   Code   RO         3692    .text               mf_p.l(dadd.o)
    0x00002758   0x000000d0   Code   RO         3694    .text               mf_p.l(dmul.o)
    0x00002828   0x00000028   Code   RO         3698    .text               mf_p.l(dflti.o)
    0x00002850   0x00000048   Code   RO         3700    .text               mf_p.l(dfixi.o)
    0x00002898   0x00000060   Code   RO         3719    .text               mc_p.l(uldiv.o)
    0x000028f8   0x00000020   Code   RO         3721    .text               mc_p.l(llshl.o)
    0x00002918   0x00000022   Code   RO         3723    .text               mc_p.l(llushr.o)
    0x0000293a   0x00000026   Code   RO         3725    .text               mc_p.l(llsshr.o)
    0x00002960   0x00000010   Code   RO         3727    .text               mc_p.l(localtime_w.o)
    0x00002970   0x00000074   Code   RO         3730    .text               mc_p.l(localtime_i.o)
    0x000029e4   0x0000001e   Code   RO         3740    .text               mc_p.l(_chval.o)
    0x00002a02   0x00000002   PAD
    0x00002a04   0x0000002c   Code   RO         3742    .text               mc_p.l(scanf_char.o)
    0x00002a30   0x00000044   Code   RO         3744    .text               mc_p.l(_sgetc.o)
    0x00002a74   0x00000070   Code   RO         3746    .text               mc_p.l(strtol.o)
    0x00002ae4   0x00000000   Code   RO         3748    .text               mc_p.l(iusefp.o)
    0x00002ae4   0x000000be   Code   RO         3751    .text               mf_p.l(depilogue.o)
    0x00002ba2   0x00000002   PAD
    0x00002ba4   0x000000f0   Code   RO         3755    .text               mf_p.l(ddiv.o)
    0x00002c94   0x00000040   Code   RO         3757    .text               mf_p.l(dfixul.o)
    0x00002cd4   0x00000028   Code   RO         3759    .text               mf_p.l(cdrcmple.o)
    0x00002cfc   0x00000024   Code   RO         3761    .text               mc_p.l(init.o)
    0x00002d20   0x00000008   Code   RO         3765    .text               mc_p.l(ctype_o.o)
    0x00002d28   0x00000012   Code   RO         3787    .text               mc_p.l(isspace_o.o)
    0x00002d3a   0x00000002   PAD
    0x00002d3c   0x00000338   Code   RO         3793    .text               mc_p.l(_scanf.o)
    0x00003074   0x000000a6   Code   RO         3795    .text               mc_p.l(_strtoul.o)
    0x0000311a   0x00000002   PAD
    0x0000311c   0x0000006c   Code   RO            2    i.BCDToString       main.o
    0x00003188   0x00000134   Code   RO          477    i.BindRelation      proto.o
    0x000032bc   0x00000128   Code   RO         1247    i.Blue24GNetProc    blue.o
    0x000033e4   0x00000858   Code   RO         2382    i.BlueCheckRes      bluetooth.o
    0x00003c3c   0x00000064   Code   RO         1248    i.BlueInit          blue.o
    0x00003ca0   0x0000017c   Code   RO         1249    i.BluePktProc       blue.o
    0x00003e1c   0x0000057c   Code   RO         1250    i.BlueRecvProc      blue.o
    0x00004398   0x000000b0   Code   RO         2383    i.BlueSendCmd       bluetooth.o
    0x00004448   0x000000d8   Code   RO         1251    i.BlueTask          blue.o
    0x00004520   0x0000003c   Code   RO         1252    i.BlueTerminal      blue.o
    0x0000455c   0x00000020   Code   RO          206    i.BootSetReqInfo    cpucfg.o
    0x0000457c   0x00000020   Code   RO         1253    i.BtRemoCtrlPrint   blue.o
    0x0000459c   0x00000016   Code   RO         1254    i.BtRemoCtrlReset   blue.o
    0x000045b2   0x00000002   PAD
    0x000045b4   0x000000c0   Code   RO         1255    i.BtSetChargerDeviceId  blue.o
    0x00004674   0x000000c4   Code   RO         1256    i.BtSetChargerSn    blue.o
    0x00004738   0x000000f4   Code   RO         1257    i.BtSetGateWayAddr  blue.o
    0x0000482c   0x00000130   Code   RO         2384    i.BuleCheckReset    bluetooth.o
    0x0000495c   0x00000050   Code   RO         2385    i.BuleModeAddr      bluetooth.o
    0x000049ac   0x00000050   Code   RO         2386    i.BuleModeBaud      bluetooth.o
    0x000049fc   0x00000050   Code   RO         2387    i.BuleModeCons      bluetooth.o
    0x00004a4c   0x00000050   Code   RO         2388    i.BuleModeDevt      bluetooth.o
    0x00004a9c   0x00000050   Code   RO         2389    i.BuleModeEcho      bluetooth.o
    0x00004aec   0x000000b0   Code   RO         2391    i.BuleModeName      bluetooth.o
    0x00004b9c   0x00000050   Code   RO         2392    i.BuleModePair      bluetooth.o
    0x00004bec   0x00000050   Code   RO         2394    i.BuleModeTest      bluetooth.o
    0x00004c3c   0x00000050   Code   RO         2395    i.BuleModeVers      bluetooth.o
    0x00004c8c   0x00000160   Code   RO         2396    i.BuleReconnect     bluetooth.o
    0x00004dec   0x00000080   Code   RO         2397    i.BuleReset         bluetooth.o
    0x00004e6c   0x00000050   Code   RO         2398    i.BuleSetDevt       bluetooth.o
    0x00004ebc   0x00000180   Code   RO         2399    i.BuleSetGWMac      bluetooth.o
    0x0000503c   0x00000224   Code   RO         2400    i.BuleSetName       bluetooth.o
    0x00005260   0x00000128   Code   RO         2401    i.BuleSetX6Count    bluetooth.o
    0x00005388   0x000000f0   Code   RO          478    i.CardAuthAckProc   proto.o
    0x00005478   0x00000014   Code   RO          479    i.CheckBingRelation  proto.o
    0x0000548c   0x0000002c   Code   RO         2402    i.CheckBlueModeCmd  bluetooth.o
    0x000054b8   0x0000002c   Code   RO          251    i.CheckModeCmd      sim800c.o
    0x000054e4   0x0000001a   Code   RO            3    i.CheckSum          main.o
    0x000054fe   0x00000002   PAD
    0x00005500   0x00000108   Code   RO         1031    i.CheckUpgradeWaitTimer  x6proc.o
    0x00005608   0x00000010   Code   RO         1032    i.ClearUpgradeWaitTimer  x6proc.o
    0x00005618   0x00000034   Code   RO         1781    i.Close_Hrc         cmu.o
    0x0000564c   0x00000368   Code   RO          481    i.CostTempCopy      proto.o
    0x000059b4   0x00000048   Code   RO         1033    i.CostTemplateDownAck  x6proc.o
    0x000059fc   0x00000024   Code   RO          482    i.CostTemplateProc  proto.o
    0x00005a20   0x00000048   Code   RO          483    i.CostTemplateReq   proto.o
    0x00005a68   0x000002a0   Code   RO          733    i.DebugPktProc      server.o
    0x00005d08   0x00000324   Code   RO          734    i.DebugRecvProc     server.o
    0x0000602c   0x00000028   Code   RO         1783    i.Delay_mSec        cmu.o
    0x00006054   0x00000038   Code   RO          736    i.DeviceBcd2str     server.o
    0x0000608c   0x00000016   Code   RO         1842    i.FIFO_S_Flush      fifo.o
    0x000060a2   0x00000038   Code   RO         1843    i.FIFO_S_Get        fifo.o
    0x000060da   0x0000002e   Code   RO         1844    i.FIFO_S_Init       fifo.o
    0x00006108   0x00000050   Code   RO         1846    i.FIFO_S_Put        fifo.o
    0x00006158   0x00000074   Code   RO         2149    i.FlashEraseAppBackup  flash.o
    0x000061cc   0x00000078   Code   RO          737    i.FlashLight        server.o
    0x00006244   0x00000016   Code   RO         2150    i.FlashReadSysInfo  flash.o
    0x0000625a   0x00000016   Code   RO         2151    i.FlashReadSysInfo1  flash.o
    0x00006270   0x00000004   Code   RO          738    i.FlashTest         server.o
    0x00006274   0x00000014   Code   RO         2152    i.FlashWriteAppBackup  flash.o
    0x00006288   0x00000214   Code   RO         1631    i.FlashWriteOrder   spi_w25qx.o
    0x0000649c   0x00000114   Code   RO         2153    i.FlashWriteSysInfo  flash.o
    0x000065b0   0x000000d4   Code   RO         2154    i.FlashWriteSysInfo1  flash.o
    0x00006684   0x00000aec   Code   RO          252    i.FtpGet            sim800c.o
    0x00007170   0x00000022   Code   RO         1887    i.GPIO_Cfg          gpio.o
    0x00007192   0x00000014   Code   RO         1888    i.GPIO_ReadInputDataBit  gpio.o
    0x000071a6   0x00000008   Code   RO         1889    i.GPIO_ResetBits    gpio.o
    0x000071ae   0x00000008   Code   RO         1890    i.GPIO_SetBits      gpio.o
    0x000071b6   0x00000002   PAD
    0x000071b8   0x000000bc   Code   RO          739    i.GetCcidSn         server.o
    0x00007274   0x00000020   Code   RO          740    i.GetChargerDeviceId  server.o
    0x00007294   0x00000020   Code   RO          741    i.GetChargerSn      server.o
    0x000072b4   0x00000040   Code   RO         2335    i.GetCpuTemp        ntcad.o
    0x000072f4   0x0000004c   Code   RO         2246    i.GetCurrentTime    rtc.o
    0x00007340   0x000000e8   Code   RO          253    i.GetDataFromMode   sim800c.o
    0x00007428   0x0000001c   Code   RO          742    i.GetFwVersion      server.o
    0x00007444   0x000000a8   Code   RO          743    i.GetGPRSBuffer     server.o
    0x000074ec   0x00000008   Code   RO         1232    i.GetGunIdByTerminalId  x6proc.o
    0x000074f4   0x000000cc   Code   RO         1034    i.GetHistoryOrderNum  x6proc.o
    0x000075c0   0x000002dc   Code   RO         1035    i.GetIsMyTurnToUpgrade  x6proc.o
    0x0000789c   0x00000024   Code   RO          744    i.GetPcbCode        server.o
    0x000078c0   0x0000001a   Code   RO          485    i.GetPktSum         proto.o
    0x000078da   0x00000002   PAD
    0x000078dc   0x0000000c   Code   RO         2316    i.GetRtcCount       rtc.o
    0x000078e8   0x00000028   Code   RO          745    i.GetRtcTick        server.o
    0x00007910   0x00000064   Code   RO         2247    i.GetRtcTime        rtc.o
    0x00007974   0x00000008   Code   RO         1227    i.GetTerminalIdByGunId  x6proc.o
    0x0000797c   0x0000004c   Code   RO         2248    i.GetTimeStamp      rtc.o
    0x000079c8   0x000001f8   Code   RO          254    i.GprsCheckRes      sim800c.o
    0x00007bc0   0x000000b8   Code   RO          746    i.GprsCmdChkNoSpace  server.o
    0x00007c78   0x00000088   Code   RO          255    i.GprsInit          sim800c.o
    0x00007d00   0x00000018   Code   RO          256    i.GprsReset         sim800c.o
    0x00007d18   0x00000068   Code   RO          257    i.GprsSendCmd       sim800c.o
    0x00007d80   0x0000006c   Code   RO          747    i.GprsSendCmdChkNoSpace  server.o
    0x00007dec   0x00000038   Code   RO          258    i.GprsSendData      sim800c.o
    0x00007e24   0x00000048   Code   RO         1784    i.HT_CMU_ClkCtrl0Config  cmu.o
    0x00007e6c   0x00000040   Code   RO         1785    i.HT_CMU_ClkCtrl1Config  cmu.o
    0x00007eac   0x00000020   Code   RO         2155    i.HT_Flash_ByteRead  flash.o
    0x00007ecc   0x0000006c   Code   RO         2156    i.HT_Flash_ByteWrite  flash.o
    0x00007f38   0x00000060   Code   RO         2159    i.HT_Flash_PageErase  flash.o
    0x00007f98   0x000000a4   Code   RO         1892    i.HT_GPIO_Init      gpio.o
    0x0000803c   0x00000012   Code   RO         2570    i.HT_SPI_ITFlagStatusGet  spi.o
    0x0000804e   0x00000028   Code   RO         2571    i.HT_SPI_Init       spi.o
    0x00008076   0x00000002   PAD
    0x00008078   0x00000018   Code   RO          207    i.HardFault_Handler  cpucfg.o
    0x00008090   0x000000f0   Code   RO          486    i.HeartBeatAckProc  proto.o
    0x00008180   0x000000ac   Code   RO          487    i.HeartBeatHandle   proto.o
    0x0000822c   0x00000040   Code   RO         2336    i.InitTmp           ntcad.o
    0x0000826c   0x00000078   Code   RO         1963    i.Init_Uart0        usart.o
    0x000082e4   0x00000078   Code   RO         1964    i.Init_Uart1        usart.o
    0x0000835c   0x00000078   Code   RO         1965    i.Init_Uart2        usart.o
    0x000083d4   0x00000078   Code   RO         1966    i.Init_Uart3        usart.o
    0x0000844c   0x0000001c   Code   RO         2363    i.LedInit           led.o
    0x00008468   0x00000084   Code   RO          748    i.LedTest           server.o
    0x000084ec   0x00000034   Code   RO         2249    i.LinuxTickToDay    rtc.o
    0x00008520   0x000002a4   Code   RO            4    i.LoadSysCfgInfo    main.o
    0x000087c4   0x00000040   Code   RO         1418    i.ME3630CheckModeCmd  me3630.o
    0x00008804   0x000000b4   Code   RO         1419    i.ME3630GetCREG     me3630.o
    0x000088b8   0x000000ac   Code   RO         1420    i.ME3630GetModuleId  me3630.o
    0x00008964   0x00000050   Code   RO         1421    i.ME3630_check_ATE  me3630.o
    0x000089b4   0x00000050   Code   RO         1422    i.ME3630_check_ATI  me3630.o
    0x00008a04   0x00000050   Code   RO         1423    i.ME3630_check_CCID  me3630.o
    0x00008a54   0x00000050   Code   RO         1424    i.ME3630_check_COPS  me3630.o
    0x00008aa4   0x00000050   Code   RO         1425    i.ME3630_check_CREG  me3630.o
    0x00008af4   0x00000050   Code   RO         1426    i.ME3630_check_CSQ  me3630.o
    0x00008b44   0x00000050   Code   RO         1427    i.ME3630_check_GMM  me3630.o
    0x00008b94   0x00000050   Code   RO         1428    i.ME3630_check_ZIPCALL  me3630.o
    0x00008be4   0x00000050   Code   RO         1429    i.ME3630_check_ZIPCALL0  me3630.o
    0x00008c34   0x00000050   Code   RO         1430    i.ME3630_check_ZIPCALL1  me3630.o
    0x00008c84   0x00000050   Code   RO         1432    i.ME3630_check_ZPAS  me3630.o
    0x00008cd4   0x00000050   Code   RO         1434    i.ME3630_check_cpin  me3630.o
    0x00008d24   0x00000138   Code   RO         1435    i.ME3630_check_test  me3630.o
    0x00008e5c   0x000000b0   Code   RO         1437    i.ME3630_ipopen     me3630.o
    0x00008f0c   0x000001e0   Code   RO            5    i.MainTask          main.o
    0x000090ec   0x00000204   Code   RO          488    i.MakeGunHearBeatInfo  proto.o
    0x000092f0   0x00000204   Code   RO         1438    i.Me3630CheckRes    me3630.o
    0x000094f4   0x0000005c   Code   RO         1439    i.Me3630CheckResnospace  me3630.o
    0x00009550   0x00000a28   Code   RO         1440    i.Me3630FtpGet      me3630.o
    0x00009f78   0x000000b8   Code   RO         1441    i.Me3630Init        me3630.o
    0x0000a030   0x00000120   Code   RO         1442    i.Me3630OpenSet     me3630.o
    0x0000a150   0x00000174   Code   RO         1443    i.Me3630Reconnect   me3630.o
    0x0000a2c4   0x00000020   Code   RO         1444    i.Me3630Reset       me3630.o
    0x0000a2e4   0x00000068   Code   RO         1445    i.Me3630SendCmd     me3630.o
    0x0000a34c   0x00000094   Code   RO         1446    i.Me3630SendCmdnospace  me3630.o
    0x0000a3e0   0x00000038   Code   RO         1447    i.Me3630SendData    me3630.o
    0x0000a418   0x0000021c   Code   RO         1448    i.Me3630SocketSend  me3630.o
    0x0000a634   0x00000084   Code   RO         1450    i.MeGprsPowerOn     me3630.o
    0x0000a6b8   0x00000006   Code   RO          749    i.MuxSempGive       server.o
    0x0000a6be   0x00000002   PAD
    0x0000a6c0   0x00000028   Code   RO          750    i.MuxSempTake       server.o
    0x0000a6e8   0x00000014   Code   RO         1972    i.NVIC_ClearPendingIRQ  usart.o
    0x0000a6fc   0x00000014   Code   RO         1973    i.NVIC_DisableIRQ   usart.o
    0x0000a710   0x00000014   Code   RO         1974    i.NVIC_EnableIRQ    usart.o
    0x0000a724   0x00000078   Code   RO         1975    i.NVIC_SetPriority  usart.o
    0x0000a79c   0x00000078   Code   RO         2250    i.NVIC_SetPriority  rtc.o
    0x0000a814   0x0000001c   Code   RO          489    i.NVIC_SystemReset  proto.o
    0x0000a830   0x0000001c   Code   RO          751    i.NVIC_SystemReset  server.o
    0x0000a84c   0x0000001c   Code   RO         1258    i.NVIC_SystemReset  blue.o
    0x0000a868   0x00000024   Code   RO          752    i.NetConnect        server.o
    0x0000a88c   0x00000040   Code   RO          753    i.NetModeTest       server.o
    0x0000a8cc   0x000000b8   Code   RO          754    i.OpenNet           server.o
    0x0000a984   0x0000021c   Code   RO         1632    i.OrderReport       spi_w25qx.o
    0x0000aba0   0x00000160   Code   RO          755    i.PktInQueue        server.o
    0x0000ad00   0x0000006c   Code   RO         1259    i.PktRecvTask       blue.o
    0x0000ad6c   0x00000090   Code   RO          756    i.PrintfData        server.o
    0x0000adfc   0x0000004c   Code   RO         1036    i.ProcGunStatus     x6proc.o
    0x0000ae48   0x00000080   Code   RO          757    i.ProcTerminal      server.o
    0x0000aec8   0x00000220   Code   RO          758    i.QueListenMode     server.o
    0x0000b0e8   0x0000002c   Code   RO         2251    i.RTC_IRQHandler    rtc.o
    0x0000b114   0x0000008c   Code   RO          490    i.ReceiveDevBindRelationAck  proto.o
    0x0000b1a0   0x0000018c   Code   RO         1037    i.ReceiveX6BindAck  x6proc.o
    0x0000b32c   0x00000100   Code   RO         1038    i.ReceiveX6FwUpgrade2_4gAck  x6proc.o
    0x0000b42c   0x00000214   Code   RO         1039    i.ReceiveX6FwUpgradeDownload2_4gAck  x6proc.o
    0x0000b640   0x00000300   Code   RO         1260    i.Recv24gData       blue.o
    0x0000b940   0x00000204   Code   RO         1261    i.RecvBtData        blue.o
    0x0000bb44   0x000004a8   Code   RO          491    i.RecvServerData    proto.o
    0x0000bfec   0x000001ec   Code   RO         1040    i.RecvX6AuthReqProc  x6proc.o
    0x0000c1d8   0x0000004c   Code   RO         1041    i.RecvX6AuthResultProc  x6proc.o
    0x0000c224   0x00000108   Code   RO         1042    i.RecvX6Data        x6proc.o
    0x0000c32c   0x000001a8   Code   RO         1043    i.RecvX6HeartBeatProc  x6proc.o
    0x0000c4d4   0x0000010c   Code   RO         1044    i.RecvX6ReqStartChargingAck  x6proc.o
    0x0000c5e0   0x000000f0   Code   RO         1045    i.RecvX6ReqStopChargingAck  x6proc.o
    0x0000c6d0   0x00000078   Code   RO         1046    i.RecvX6ScanCodeStartChargerAck  x6proc.o
    0x0000c748   0x00000164   Code   RO         1047    i.RecvX6StartChargingNotice  x6proc.o
    0x0000c8ac   0x00000368   Code   RO         1048    i.RecvX6StopChargingNotice  x6proc.o
    0x0000cc14   0x00000100   Code   RO          492    i.RegisterAckProc   proto.o
    0x0000cd14   0x00000024   Code   RO         1262    i.RemoCtrlProc      blue.o
    0x0000cd38   0x00000068   Code   RO          493    i.RemoteCtrlProc    proto.o
    0x0000cda0   0x000000dc   Code   RO          494    i.ReqStartCharging  proto.o
    0x0000ce7c   0x00000088   Code   RO          495    i.ReqStopCharging   proto.o
    0x0000cf04   0x00000150   Code   RO         1263    i.ReqX6StartCharging  blue.o
    0x0000d054   0x00000124   Code   RO         1264    i.ReqX6StopCharging  blue.o
    0x0000d178   0x00000088   Code   RO         2252    i.RtcInit           rtc.o
    0x0000d200   0x000000c0   Code   RO         1049    i.RxX6EventNotice   x6proc.o
    0x0000d2c0   0x00000144   Code   RO          259    i.SOCKET_open_set   sim800c.o
    0x0000d404   0x00000080   Code   RO         1050    i.ScanCodeStartChargerAck  x6proc.o
    0x0000d484   0x00000044   Code   RO          496    i.SendBingRelationAck  proto.o
    0x0000d4c8   0x00000114   Code   RO         2405    i.SendBluePkt       bluetooth.o
    0x0000d5dc   0x00000032   Code   RO         1266    i.SendBtRemoCtrlAck  blue.o
    0x0000d60e   0x00000002   PAD
    0x0000d610   0x000000f8   Code   RO          497    i.SendCardAuthReq   proto.o
    0x0000d708   0x00000058   Code   RO          498    i.SendCostTemplateAck  proto.o
    0x0000d760   0x00000050   Code   RO          759    i.SendCsqCmd        server.o
    0x0000d7b0   0x0000004a   Code   RO          760    i.SendDebugPkt      server.o
    0x0000d7fa   0x00000002   PAD
    0x0000d7fc   0x000000d4   Code   RO          499    i.SendDevBingRelation  proto.o
    0x0000d8d0   0x000000a8   Code   RO          500    i.SendEventNotice   proto.o
    0x0000d978   0x00000114   Code   RO          501    i.SendHeartBeatFun  proto.o
    0x0000da8c   0x0000005c   Code   RO          761    i.SendIccidCmd      server.o
    0x0000dae8   0x00000114   Code   RO          502    i.SendProtoPkt      proto.o
    0x0000dbfc   0x000000a0   Code   RO          503    i.SendRegister      proto.o
    0x0000dc9c   0x0000006c   Code   RO          504    i.SendReqBingRelation  proto.o
    0x0000dd08   0x00000088   Code   RO          505    i.SendReqCostTemplate  proto.o
    0x0000dd90   0x000000e4   Code   RO          762    i.SendSocketData    server.o
    0x0000de74   0x00000070   Code   RO          506    i.SendStartChargingAck  proto.o
    0x0000dee4   0x00000134   Code   RO          507    i.SendStartChargingNotice  proto.o
    0x0000e018   0x0000010c   Code   RO          508    i.SendStartUpNotice  proto.o
    0x0000e124   0x00000068   Code   RO          509    i.SendStopChargingAck  proto.o
    0x0000e18c   0x00000078   Code   RO          510    i.SendStopChargingNotice  proto.o
    0x0000e204   0x00000084   Code   RO         1051    i.SendX6AuthReqAck  x6proc.o
    0x0000e288   0x000003e4   Code   RO         1053    i.SendX6CostTemplate  x6proc.o
    0x0000e66c   0x000001b8   Code   RO         1054    i.SendX6FwUpgrade2_4gNotice  x6proc.o
    0x0000e824   0x0000015c   Code   RO         1055    i.SendX6FwUpgradeDownload2_4gNotice  x6proc.o
    0x0000e980   0x0000022c   Code   RO         1056    i.SendX6HeartBeatReqPkt  x6proc.o
    0x0000ebac   0x000000a8   Code   RO         1057    i.SendX6Pkt         x6proc.o
    0x0000ec54   0x000000d4   Code   RO         1267    i.SendX6ReqPkt      blue.o
    0x0000ed28   0x00000068   Code   RO         1058    i.SendX6StartChargingAck  x6proc.o
    0x0000ed90   0x00000090   Code   RO         1059    i.SendX6UpgradeReqAck  x6proc.o
    0x0000ee20   0x000003d8   Code   RO          763    i.ServerRecvProc    server.o
    0x0000f1f8   0x0000009c   Code   RO          764    i.ServerTask        server.o
    0x0000f294   0x0000007c   Code   RO         2406    i.SetGateWay24GMacAddr  bluetooth.o
    0x0000f310   0x000002ac   Code   RO          765    i.SetListenMode     server.o
    0x0000f5bc   0x00000144   Code   RO          766    i.SetMode4gTo2g     server.o
    0x0000f700   0x0000003c   Code   RO          767    i.SetPcbCode        server.o
    0x0000f73c   0x00000020   Code   RO         2254    i.SetRtcCount       rtc.o
    0x0000f75c   0x0000002e   Code   RO          768    i.SetRtcTick        server.o
    0x0000f78a   0x00000002   PAD
    0x0000f78c   0x00000074   Code   RO         2255    i.SetRtcTime        rtc.o
    0x0000f800   0x00000154   Code   RO          769    i.SetUpgradeInfo    server.o
    0x0000f954   0x0000005c   Code   RO         2407    i.SetX6Count        bluetooth.o
    0x0000f9b0   0x00000016   Code   RO         1976    i.Set_Uart_Bandrate  usart.o
    0x0000f9c6   0x00000002   PAD
    0x0000f9c8   0x00000084   Code   RO         1268    i.ShakeReqProc      blue.o
    0x0000fa4c   0x0000016c   Code   RO          261    i.Sim800cReconnect  sim800c.o
    0x0000fbb8   0x00000264   Code   RO          262    i.SocketSendData    sim800c.o
    0x0000fe1c   0x00000068   Code   RO         1633    i.SpiInit           spi_w25qx.o
    0x0000fe84   0x0000002a   Code   RO         1634    i.SpiReadWriteByte  spi_w25qx.o
    0x0000feae   0x00000002   PAD
    0x0000feb0   0x000000d4   Code   RO            7    i.StartProc         main.o
    0x0000ff84   0x000000e0   Code   RO          513    i.StartUpAckProc    proto.o
    0x00010064   0x0000005c   Code   RO          514    i.StopChargingNoticeAck  proto.o
    0x000100c0   0x00000048   Code   RO         1788    i.SwitchTo_Fpll     cmu.o
    0x00010108   0x0000023c   Code   RO            8    i.SysCfgInit        main.o
    0x00010344   0x00000024   Code   RO         2657    i.SysTick_Handler   port.o
    0x00010368   0x00000044   Code   RO            9    i.SystemClockInit   main.o
    0x000103ac   0x00000002   Code   RO         2622    i.SystemInit        system_ht6xxx.o
    0x000103ae   0x00000002   Code   RO         2337    i.TBS_IRQHandler    ntcad.o
    0x000103b0   0x000000cc   Code   RO          771    i.TestStatus        server.o
    0x0001047c   0x00000060   Code   RO         1977    i.UART0_IRQHandler  usart.o
    0x000104dc   0x00000060   Code   RO         1978    i.UART1_IRQHandler  usart.o
    0x0001053c   0x00000060   Code   RO         1979    i.UART2_IRQHandler  usart.o
    0x0001059c   0x0000007c   Code   RO         1980    i.UART3_IRQHandler  usart.o
    0x00010618   0x00000060   Code   RO         1981    i.UART4_IRQHandler  usart.o
    0x00010678   0x00000060   Code   RO         1982    i.UART5_IRQHandler  usart.o
    0x000106d8   0x00000060   Code   RO         1983    i.UART6_IRQHandler  usart.o
    0x00010738   0x00000046   Code   RO         1984    i.UartSendData      usart.o
    0x0001077e   0x00000002   PAD
    0x00010780   0x00000018   Code   RO         1985    i.UsartFlush        usart.o
    0x00010798   0x0000001c   Code   RO         1986    i.UsartGetOneData   usart.o
    0x000107b4   0x00000098   Code   RO          772    i.UsartGetline      server.o
    0x0001084c   0x00000030   Code   RO         1987    i.UsartInit         usart.o
    0x0001087c   0x00000034   Code   RO         1988    i.UsartSend         usart.o
    0x000108b0   0x000000d0   Code   RO         1635    i.W25Q80_Init       spi_w25qx.o
    0x00010980   0x00000064   Code   RO         1640    i.W25Qx_Erase_Sector  spi_w25qx.o
    0x000109e4   0x00000058   Code   RO         1641    i.W25Qx_ReadID      spi_w25qx.o
    0x00010a3c   0x00000078   Code   RO         1642    i.W25Qx_Read_Bytes  spi_w25qx.o
    0x00010ab4   0x00000034   Code   RO         1644    i.W25Qx_Read_StatusReg1  spi_w25qx.o
    0x00010ae8   0x00000018   Code   RO         1646    i.W25Qx_Wait_Busy   spi_w25qx.o
    0x00010b00   0x00000012   Code   RO         1647    i.W25Qx_Wait_Busy_Noblock  spi_w25qx.o
    0x00010b12   0x00000002   PAD
    0x00010b14   0x00000064   Code   RO         1648    i.W25Qx_WritePage   spi_w25qx.o
    0x00010b78   0x00000024   Code   RO         1651    i.W25Qx_Write_Enable  spi_w25qx.o
    0x00010b9c   0x00000020   Code   RO         2162    i.WriteUpdateInfo   flash.o
    0x00010bbc   0x00000160   Code   RO         1270    i.X6AuthResult      blue.o
    0x00010d1c   0x000001fc   Code   RO         1060    i.X6Req2_4gUpgrade  x6proc.o
    0x00010f18   0x000000e8   Code   RO         1061    i.X6ReqCostTemplate  x6proc.o
    0x00011000   0x00000020   Code   RO         3650    i.__0printf         mc_p.l(printfa.o)
    0x00011020   0x00000028   Code   RO         3652    i.__0sprintf        mc_p.l(printfa.o)
    0x00011048   0x0000002e   Code   RO         3753    i.__ARM_clz         mf_p.l(depilogue.o)
    0x00011076   0x0000001c   Code   RO          716    i.__ARM_common_switch8  proto.o
    0x00011092   0x00000002   PAD
    0x00011094   0x00000008   Code   RO         3733    i.__aeabi_errno_addr  mc_p.l(errno.o)
    0x0001109c   0x0000000e   Code   RO         3802    i.__scatterload_copy  mc_p.l(handlers.o)
    0x000110aa   0x00000002   Code   RO         3803    i.__scatterload_null  mc_p.l(handlers.o)
    0x000110ac   0x0000000e   Code   RO         3804    i.__scatterload_zeroinit  mc_p.l(handlers.o)
    0x000110ba   0x00000002   PAD
    0x000110bc   0x00000158   Code   RO         3657    i._fp_digits        mc_p.l(printfa.o)
    0x00011214   0x000006ec   Code   RO         3658    i._printf_core      mc_p.l(printfa.o)
    0x00011900   0x00000020   Code   RO         3659    i._printf_post_padding  mc_p.l(printfa.o)
    0x00011920   0x0000002c   Code   RO         3660    i._printf_pre_padding  mc_p.l(printfa.o)
    0x0001194c   0x0000000a   Code   RO         3662    i._sputc            mc_p.l(printfa.o)
    0x00011956   0x00000010   Code   RO           10    i.delay             main.o
    0x00011966   0x00000002   PAD
    0x00011968   0x00000054   Code   RO          774    i.fputc             server.o
    0x000119bc   0x00000058   Code   RO          263    i.gprs_power_off    sim800c.o
    0x00011a14   0x0000007c   Code   RO          264    i.gprs_power_on     sim800c.o
    0x00011a90   0x0000001e   Code   RO         2408    i.isArraryEmpty     bluetooth.o
    0x00011aae   0x00000002   PAD
    0x00011ab0   0x00000058   Code   RO           11    i.main              main.o
    0x00011b08   0x0000007c   Code   RO         3054    i.prvAddCurrentTaskToDelayedList  tasks.o
    0x00011b84   0x000000a0   Code   RO         3055    i.prvAddNewTaskToReadyList  tasks.o
    0x00011c24   0x00000068   Code   RO         3056    i.prvCheckTasksWaitingTermination  tasks.o
    0x00011c8c   0x00000012   Code   RO         3057    i.prvDeleteTCB      tasks.o
    0x00011c9e   0x00000002   PAD
    0x00011ca0   0x0000007c   Code   RO         2732    i.prvHeapInit       heap_4.o
    0x00011d1c   0x0000000c   Code   RO         3058    i.prvIdleTask       tasks.o
    0x00011d28   0x000000b0   Code   RO         3059    i.prvInitialiseNewTask  tasks.o
    0x00011dd8   0x00000064   Code   RO         3060    i.prvInitialiseTaskLists  tasks.o
    0x00011e3c   0x00000068   Code   RO         2733    i.prvInsertBlockIntoFreeList  heap_4.o
    0x00011ea4   0x00000038   Code   RO         3062    i.prvResetNextTaskUnblockTime  tasks.o
    0x00011edc   0x00000014   Code   RO         2658    i.prvSetupTimerInterrupt  port.o
    0x00011ef0   0x00000024   Code   RO         2659    i.prvTaskExitError  port.o
    0x00011f14   0x0000011c   Code   RO         2734    i.pvPortMalloc      heap_4.o
    0x00012030   0x00000020   Code   RO         2660    i.pxPortInitialiseStack  port.o
    0x00012050   0x00000042   Code   RO          775    i.restoi            server.o
    0x00012092   0x00000002   PAD
    0x00012094   0x0000004c   Code   RO          265    i.sim800_check_ATE  sim800c.o
    0x000120e0   0x0000004c   Code   RO          266    i.sim800_check_ATI  sim800c.o
    0x0001212c   0x0000004c   Code   RO          268    i.sim800_check_CCID  sim800c.o
    0x00012178   0x00000050   Code   RO          269    i.sim800_check_CGATT  sim800c.o
    0x000121c8   0x0000006c   Code   RO          270    i.sim800_check_CIICR  sim800c.o
    0x00012234   0x00000050   Code   RO          272    i.sim800_check_CIPMUX  sim800c.o
    0x00012284   0x0000004c   Code   RO          274    i.sim800_check_CIPRXGET  sim800c.o
    0x000122d0   0x00000050   Code   RO          275    i.sim800_check_CIPSHUT  sim800c.o
    0x00012320   0x0000004c   Code   RO          276    i.sim800_check_CREG  sim800c.o
    0x0001236c   0x0000004c   Code   RO          277    i.sim800_check_CSCLK  sim800c.o
    0x000123b8   0x0000004c   Code   RO          278    i.sim800_check_CSQ  sim800c.o
    0x00012404   0x00000050   Code   RO          279    i.sim800_check_CSTT  sim800c.o
    0x00012454   0x00000050   Code   RO          280    i.sim800_check_ack  sim800c.o
    0x000124a4   0x0000004c   Code   RO          281    i.sim800_check_cpin  sim800c.o
    0x000124f0   0x0000011c   Code   RO          282    i.sim800_check_reset  sim800c.o
    0x0001260c   0x0000001c   Code   RO          283    i.sim800_default    sim800c.o
    0x00012628   0x000000d0   Code   RO          284    i.sim800_ipopen     sim800c.o
    0x000126f8   0x0000005c   Code   RO          776    i.sysTickRecover    server.o
    0x00012754   0x0000002a   Code   RO          777    i.trim              server.o
    0x0001277e   0x00000028   Code   RO         2790    i.uxListRemove      list.o
    0x000127a6   0x0000001a   Code   RO         2791    i.vListInitialise   list.o
    0x000127c0   0x00000006   Code   RO         2792    i.vListInitialiseItem  list.o
    0x000127c6   0x00000036   Code   RO         2793    i.vListInsert       list.o
    0x000127fc   0x00000018   Code   RO         2794    i.vListInsertEnd    list.o
    0x00012814   0x0000001c   Code   RO         2662    i.vPortEnterCritical  port.o
    0x00012830   0x00000028   Code   RO         2663    i.vPortExitCritical  port.o
    0x00012858   0x00000080   Code   RO         2735    i.vPortFree         heap_4.o
    0x000128d8   0x00000018   Code   RO         2665    i.vPortYield        port.o
    0x000128f0   0x00000044   Code   RO         3073    i.vTaskDelay        tasks.o
    0x00012934   0x0000006c   Code   RO         3087    i.vTaskStartScheduler  tasks.o
    0x000129a0   0x00000010   Code   RO         3089    i.vTaskSuspendAll   tasks.o
    0x000129b0   0x00000080   Code   RO         3090    i.vTaskSwitchContext  tasks.o
    0x00012a30   0x00000038   Code   RO         2666    i.xPortStartScheduler  port.o
    0x00012a68   0x0000005c   Code   RO         3092    i.xTaskCreate       tasks.o
    0x00012ac4   0x00000100   Code   RO         3098    i.xTaskIncrementTick  tasks.o
    0x00012bc4   0x000000e4   Code   RO         3104    i.xTaskResumeAll    tasks.o
    0x00012ca8   0x0000004b   Data   RO           12    .constdata          main.o
    0x00012cf3   0x00000001   PAD
    0x00012cf4   0x0000035a   Data   RO          285    .constdata          sim800c.o
    0x0001304e   0x00000120   Data   RO          516    .constdata          proto.o
    0x0001316e   0x00000002   PAD
    0x00013170   0x00000121   Data   RO          779    .constdata          server.o
    0x00013291   0x00000204   Data   RO         1063    .constdata          x6proc.o
    0x00013495   0x000000ce   Data   RO         1272    .constdata          blue.o
    0x00013563   0x00000001   PAD
    0x00013564   0x000002b3   Data   RO         1451    .constdata          me3630.o
    0x00013817   0x00000034   Data   RO         1653    .constdata          spi_w25qx.o
    0x0001384b   0x00000001   PAD
    0x0001384c   0x00000008   Data   RO         1789    .constdata          cmu.o
    0x00013854   0x00000008   Data   RO         1893    .constdata          gpio.o
    0x0001385c   0x00000041   Data   RO         2163    .constdata          flash.o
    0x0001389d   0x00000003   PAD
    0x000138a0   0x00000024   Data   RO         2257    .constdata          rtc.o
    0x000138c4   0x00000243   Data   RO         2410    .constdata          bluetooth.o
    0x00013b07   0x0000000c   Data   RO         3393    .constdata          mc_p.l(mktime.o)
    0x00013b13   0x0000000c   Data   RO         3731    .constdata          mc_p.l(localtime_i.o)
    0x00013b1f   0x00000081   Data   RO         3766    .constdata          mc_p.l(ctype_o.o)
    0x00013ba0   0x00000004   Data   RO         3767    .constdata          mc_p.l(ctype_o.o)
    0x00013ba4   0x000001c3   Data   RO          286    .conststring        sim800c.o
    0x00013d67   0x00000001   PAD
    0x00013d68   0x000002b7   Data   RO          517    .conststring        proto.o
    0x0001401f   0x00000001   PAD
    0x00014020   0x000000fd   Data   RO          780    .conststring        server.o
    0x0001411d   0x00000003   PAD
    0x00014120   0x000002c3   Data   RO         1064    .conststring        x6proc.o
    0x000143e3   0x00000001   PAD
    0x000143e4   0x000000be   Data   RO         1452    .conststring        me3630.o
    0x000144a2   0x00000002   PAD
    0x000144a4   0x000000ed   Data   RO         1654    .conststring        spi_w25qx.o
    0x00014591   0x00000003   PAD
    0x00014594   0x00000106   Data   RO         2411    .conststring        bluetooth.o
    0x0001469a   0x00000002   PAD
    0x0001469c   0x00000020   Data   RO         3800    Region$$Table       anon$$obj.o


    Execution Region RW_IRAM1 (Base: 0x20000000, Size: 0x000069c8, Max: 0x00008000, ABSOLUTE)

    Base Addr    Size         Type   Attr      Idx    E Section Name        Object

    0x20000000   0x00000008   Data   RW          210    .data               cpucfg.o
    0x20000008   0x00000004   Data   RW          287    .data               sim800c.o
    0x2000000c   0x00000002   Data   RW          518    .data               proto.o
    0x2000000e   0x00000002   PAD
    0x20000010   0x00000044   Data   RW          781    .data               server.o
    0x20000054   0x00000003   Data   RW         1065    .data               x6proc.o
    0x20000057   0x00000001   PAD
    0x20000058   0x0000001c   Data   RW         1273    .data               blue.o
    0x20000074   0x00000004   Data   RW         1453    .data               me3630.o
    0x20000078   0x00000002   Data   RW         2164    .data               flash.o
    0x2000007a   0x00000002   PAD
    0x2000007c   0x00000004   Data   RW         2258    .data               rtc.o
    0x20000080   0x00000002   Data   RW         2412    .data               bluetooth.o
    0x20000082   0x00000002   PAD
    0x20000084   0x00000004   Data   RW         2667    .data               port.o
    0x20000088   0x00000018   Data   RW         2740    .data               heap_4.o
    0x200000a0   0x0000003c   Data   RW         3107    .data               tasks.o
    0x200000dc   0x00000004   Data   RW         3718    .data               mc_p.l(stdout.o)
    0x200000e0   0x00000004   Data   RW         3736    .data               mc_p.l(errno.o)
    0x200000e4   0x00000100   Zero   RW          515    .bss                proto.o
    0x200001e4   0x00000c60   Zero   RW          778    .bss                server.o
    0x20000e44   0x00000078   Zero   RW         1062    .bss                x6proc.o
    0x20000ebc   0x00000370   Zero   RW         1271    .bss                blue.o
    0x2000122c   0x00001000   Zero   RW         1652    .bss                spi_w25qx.o
    0x2000222c   0x000006a8   Zero   RW         1989    .bss                usart.o
    0x200028d4   0x00000010   Zero   RW         2256    .bss                rtc.o
    0x200028e4   0x00000040   Zero   RW         2409    .bss                bluetooth.o
    0x20002924   0x00003000   Zero   RW         2739    .bss                heap_4.o
    0x20005924   0x00000078   Zero   RW         3106    .bss                tasks.o
    0x2000599c   0x0000002c   Zero   RW         3728    .bss                mc_p.l(localtime_w.o)
    0x200059c8   0x00001000   Zero   RW         2646    STACK               startup_ht6x2x.o



  Load Region LR$$.ARM.__at_0x0FC0 (Base: 0x00000fc0, Size: 0x00000004, Max: 0x00000004, ABSOLUTE)

    Execution Region ER$$.ARM.__at_0x0FC0 (Base: 0x00000fc0, Size: 0x00000004, Max: 0x00000004, ABSOLUTE, UNINIT)

    Base Addr    Size         Type   Attr      Idx    E Section Name        Object

    0x00000fc0   0x00000004   Code   RO         2649    .ARM.__at_0x0FC0    startup_ht6x2x.o


==============================================================================

Image component sizes


      Code (inc. data)   RO Data    RW Data    ZI Data      Debug   Object Name

      5972       1716        206         28        880      16393   blue.o
      5786       2266        841          2         64      17879   bluetooth.o
       300         64          8          0          0       2681   cmu.o
        56         20          0          8          0       1810   cpucfg.o
       204          0          0          0          0       2383   fifo.o
       936        240         65          2          0       6680   flash.o
       234         14          8          0          0       2994   gpio.o
       640         60          0         24      12288       5303   heap_4.o
        28          6          0          0          0        390   led.o
       150          0          0          0          0       2690   list.o
      2246        788         75          0          0      80190   main.o
      6928       2452        881          4          0      20603   me3630.o
       130         38          0          0          0       1192   ntcad.o
       392         56          0          4          0       5202   port.o
      7574       2740        983          2        256      34217   proto.o
       764        124         36          4         16      14228   rtc.o
      7838       1948        542         68       3168      30655   server.o
      7044       2532       1309          4          0      24242   sim800c.o
        58          0          0          0          0       2003   spi.o
      1964        394        289          0       4096       8404   spi_w25qx.o
        32         12        192          0       4096        764   startup_ht6x2x.o
         2          0          0          0          0        409   system_ht6xxx.o
      1646        234          0         60        120      12569   tasks.o
      1604        136          0          0       1704      19508   usart.o
      9624       3196       1223          3        120      22333   x6proc.o

    ----------------------------------------------------------------------
     62188      19036       6711        220      26808     335722   Object Totals
         0          0         32          0          0          0   (incl. Generated)
        36          0         21          7          0          0   (incl. Padding)

    ----------------------------------------------------------------------

      Code (inc. data)   RO Data    RW Data    ZI Data      Debug   Library Member Name

        60         10          0          0          0         84   __0sscanf.o
        30          0          0          0          0         60   _chval.o
       824         12          0          0          0         84   _scanf.o
       330          0          0          0          0         84   _scanf_int.o
       232          0          0          0          0         84   _scanf_str.o
        68          0          0          0          0         76   _sgetc.o
       166          0          0          0          0         84   _strtoul.o
        26          0          0          0          0         72   atoi.o
         8          4        133          0          0         60   ctype_o.o
         0          0          0          0          0          0   entry.o
         0          0          0          0          0          0   entry10a.o
         0          0          0          0          0          0   entry11a.o
         8          4          0          0          0          0   entry2.o
         4          0          0          0          0          0   entry5.o
         0          0          0          0          0          0   entry7b.o
         0          0          0          0          0          0   entry8b.o
         8          4          0          0          0          0   entry9a.o
         8          4          0          4          0         60   errno.o
        30          0          0          0          0          0   handlers.o
        40          0          0          0          0         72   idiv.o
        36          8          0          0          0         68   init.o
        18          0          0          0          0         68   isspace_o.o
         0          0          0          0          0          0   iusefp.o
        32          0          0          0          0         68   llshl.o
        38          0          0          0          0         68   llsshr.o
        34          0          0          0          0         68   llushr.o
       116         12         12          0          0         72   localtime_i.o
        16          6          0          0         44         68   localtime_w.o
        26          0          0          0          0         72   memcmp.o
        36          0          0          0          0         60   memcpya.o
        36          0          0          0          0        100   memseta.o
       140         16         12          0          0         72   mktime.o
      2274        102          0          0          0        556   printfa.o
        44          8          0          0          0         84   scanf_char.o
         0          0          0          4          0          0   stdout.o
        24          0          0          0          0         60   strcat.o
        20          0          0          0          0         60   strchr.o
        14          0          0          0          0         60   strlen.o
        30          0          0          0          0         72   strncmp.o
        26          0          0          0          0         68   strncpy.o
        40          0          0          0          0         72   strstr.o
       112          4          0          0          0         76   strtol.o
        44          0          0          0          0         72   uidiv.o
        96          0          0          0          0         84   uldiv.o
        20          0          0          0          0         60   uread4.o
        18          0          0          0          0         60   uwrite4.o
        40          2          0          0          0         68   cdrcmple.o
       356          4          0          0          0        140   dadd.o
       240          6          0          0          0         84   ddiv.o
       236          0          0          0          0        216   depilogue.o
        72         10          0          0          0         72   dfixi.o
        64         10          0          0          0         68   dfixul.o
        40          6          0          0          0         68   dflti.o
       208          6          0          0          0         88   dmul.o

    ----------------------------------------------------------------------
      6400        238        157          8         44       3792   Library Totals
        12          0          0          0          0          0   (incl. Padding)

    ----------------------------------------------------------------------

      Code (inc. data)   RO Data    RW Data    ZI Data      Debug   Library Name

      5132        194        157          8         44       2988   mc_p.l
      1256         44          0          0          0        804   mf_p.l

    ----------------------------------------------------------------------
      6400        238        157          8         44       3792   Library Totals

    ----------------------------------------------------------------------

==============================================================================


      Code (inc. data)   RO Data    RW Data    ZI Data      Debug   

     68588      19274       6868        228      26852     323238   Grand Totals
     68588      19274       6868        228      26852     323238   ELF Image Totals
     68588      19274       6868        228          0          0   ROM Totals

==============================================================================

    Total RO  Size (Code + RO Data)                75456 (  73.69kB)
    Total RW  Size (RW Data + ZI Data)             27080 (  26.45kB)
    Total ROM Size (Code + RO Data + RW Data)      75684 (  73.91kB)

==============================================================================

