Component: ARM Compiler 5.06 (build 20) Tool: armlink [4d35a3]

==============================================================================

Section Cross References

    main.o(i.SystemClockInit) refers to cmu.o(i.SwitchTo_Fpll) for SwitchTo_Fpll
    main.o(i.SystemClockInit) refers to cmu.o(i.Close_Hrc) for Close_Hrc
    main.o(i.main) refers to main.o(i.SystemClockInit) for SystemClockInit
    main.o(i.main) refers to flash.o(i.HT_Flash_WordWrite) for HT_Flash_WordWrite
    main.o(i.main) refers to flash.o(i.HT_Flash_WordRead) for HT_Flash_WordRead
    update.o(i.FlashClrSysUpInfo) refers to flash.o(i.HT_Flash_PageErase) for HT_Flash_PageErase
    update.o(i.FlashReadSysUpInfo) refers to flash.o(i.HT_Flash_ByteRead) for HT_Flash_ByteRead
    update.o(i.FlashReadSysUpInfo) refers to update.o(.data) for .data
    update.o(i.FlashWriteSysUpInfo) refers to flash.o(i.HT_Flash_ByteWrite) for HT_Flash_ByteWrite
    update.o(i.FlashWriteSysUpInfo) refers to update.o(.data) for .data
    update.o(i.UpdateFromAppBkp) refers to flash.o(i.HT_Flash_PageErase) for HT_Flash_PageErase
    update.o(i.UpdateFromAppBkp) refers to flash.o(i.HT_Flash_ByteRead) for HT_Flash_ByteRead
    update.o(i.UpdateFromAppBkp) refers to memcpya.o(.text) for __aeabi_memcpy
    update.o(i.UpdateFromAppBkp) refers to flash.o(i.HT_Flash_ByteWrite) for HT_Flash_ByteWrite
    update.o(i.UpdateFromAppBkp) refers to update.o(.bss) for .bss
    ht60xx_it.o(i.AES_IRQHandler) refers to flash.o(i.HT_Flash_WordRead) for HT_Flash_WordRead
    ht60xx_it.o(i.DMA_IRQHandler) refers to flash.o(i.HT_Flash_WordRead) for HT_Flash_WordRead
    ht60xx_it.o(i.EXTI0_IRQHandler) refers to flash.o(i.HT_Flash_WordRead) for HT_Flash_WordRead
    ht60xx_it.o(i.EXTI1_IRQHandler) refers to flash.o(i.HT_Flash_WordRead) for HT_Flash_WordRead
    ht60xx_it.o(i.EXTI2_IRQHandler) refers to flash.o(i.HT_Flash_WordRead) for HT_Flash_WordRead
    ht60xx_it.o(i.EXTI3_IRQHandler) refers to flash.o(i.HT_Flash_WordRead) for HT_Flash_WordRead
    ht60xx_it.o(i.EXTI4_IRQHandler) refers to flash.o(i.HT_Flash_WordRead) for HT_Flash_WordRead
    ht60xx_it.o(i.EXTI5_IRQHandler) refers to flash.o(i.HT_Flash_WordRead) for HT_Flash_WordRead
    ht60xx_it.o(i.EXTI6_IRQHandler) refers to flash.o(i.HT_Flash_WordRead) for HT_Flash_WordRead
    ht60xx_it.o(i.EXTI7_IRQHandler) refers to flash.o(i.HT_Flash_WordRead) for HT_Flash_WordRead
    ht60xx_it.o(i.EXTI8_IRQHandler) refers to flash.o(i.HT_Flash_WordRead) for HT_Flash_WordRead
    ht60xx_it.o(i.EXTI9_IRQHandler) refers to flash.o(i.HT_Flash_WordRead) for HT_Flash_WordRead
    ht60xx_it.o(i.HardFault_Handler) refers to flash.o(i.HT_Flash_WordRead) for HT_Flash_WordRead
    ht60xx_it.o(i.I2C_IRQHandler) refers to flash.o(i.HT_Flash_WordRead) for HT_Flash_WordRead
    ht60xx_it.o(i.NMI_Handler) refers to flash.o(i.HT_Flash_WordRead) for HT_Flash_WordRead
    ht60xx_it.o(i.PMU_IRQHandler) refers to flash.o(i.HT_Flash_WordRead) for HT_Flash_WordRead
    ht60xx_it.o(i.PendSV_Handler) refers to flash.o(i.HT_Flash_WordRead) for HT_Flash_WordRead
    ht60xx_it.o(i.RTC_IRQHandler) refers to flash.o(i.HT_Flash_WordRead) for HT_Flash_WordRead
    ht60xx_it.o(i.SPI0_IRQHandler) refers to flash.o(i.HT_Flash_WordRead) for HT_Flash_WordRead
    ht60xx_it.o(i.SPI1_IRQHandler) refers to flash.o(i.HT_Flash_WordRead) for HT_Flash_WordRead
    ht60xx_it.o(i.SVC_Handler) refers to flash.o(i.HT_Flash_WordRead) for HT_Flash_WordRead
    ht60xx_it.o(i.SelfTestF_IRQHandler) refers to flash.o(i.HT_Flash_WordRead) for HT_Flash_WordRead
    ht60xx_it.o(i.SysTick_Handler) refers to flash.o(i.HT_Flash_WordRead) for HT_Flash_WordRead
    ht60xx_it.o(i.TBS_IRQHandler) refers to flash.o(i.HT_Flash_WordRead) for HT_Flash_WordRead
    ht60xx_it.o(i.TIMER_0_IRQHandler) refers to flash.o(i.HT_Flash_WordRead) for HT_Flash_WordRead
    ht60xx_it.o(i.TIMER_1_IRQHandler) refers to flash.o(i.HT_Flash_WordRead) for HT_Flash_WordRead
    ht60xx_it.o(i.TIMER_2_IRQHandler) refers to flash.o(i.HT_Flash_WordRead) for HT_Flash_WordRead
    ht60xx_it.o(i.TIMER_3_IRQHandler) refers to flash.o(i.HT_Flash_WordRead) for HT_Flash_WordRead
    ht60xx_it.o(i.TIMER_4_IRQHandler) refers to flash.o(i.HT_Flash_WordRead) for HT_Flash_WordRead
    ht60xx_it.o(i.TIMER_5_IRQHandler) refers to flash.o(i.HT_Flash_WordRead) for HT_Flash_WordRead
    ht60xx_it.o(i.UART0_IRQHandler) refers to flash.o(i.HT_Flash_WordRead) for HT_Flash_WordRead
    ht60xx_it.o(i.UART1_IRQHandler) refers to flash.o(i.HT_Flash_WordRead) for HT_Flash_WordRead
    ht60xx_it.o(i.UART2_IRQHandler) refers to flash.o(i.HT_Flash_WordRead) for HT_Flash_WordRead
    ht60xx_it.o(i.UART3_IRQHandler) refers to flash.o(i.HT_Flash_WordRead) for HT_Flash_WordRead
    ht60xx_it.o(i.UART4_IRQHandler) refers to flash.o(i.HT_Flash_WordRead) for HT_Flash_WordRead
    ht60xx_it.o(i.UART5_IRQHandler) refers to flash.o(i.HT_Flash_WordRead) for HT_Flash_WordRead
    ht60xx_it.o(i.UART6_IRQHandler) refers to flash.o(i.HT_Flash_WordRead) for HT_Flash_WordRead
    cmu.o(i.Close_Hrc) refers to cmu.o(.constdata) for .constdata
    cmu.o(i.Close_Pll) refers to cmu.o(.constdata) for .constdata
    cmu.o(i.HT_CMU_ClkCtrl0Config) refers to cmu.o(.constdata) for .constdata
    cmu.o(i.HT_CMU_ClkCtrl1Config) refers to cmu.o(.constdata) for .constdata
    cmu.o(i.SwitchTo_Fhrc) refers to cmu.o(.constdata) for .constdata
    cmu.o(i.SwitchTo_Flf) refers to cmu.o(.constdata) for .constdata
    cmu.o(i.SwitchTo_Fpll) refers to cpucfg.o(i.delay_ms) for delay_ms
    flash.o(i.HT_Flash_ByteWrite) refers to flash.o(.constdata) for .constdata
    flash.o(i.HT_Flash_ChipErase) refers to flash.o(.constdata) for .constdata
    flash.o(i.HT_Flash_HalfWordWrite) refers to flash.o(.constdata) for .constdata
    flash.o(i.HT_Flash_PageErase) refers to flash.o(.constdata) for .constdata
    flash.o(i.HT_Flash_WordWrite) refers to flash.o(.constdata) for .constdata
    startup_ht501x.o(RESET) refers to startup_ht501x.o(STACK) for __initial_sp
    startup_ht501x.o(RESET) refers to startup_ht501x.o(.text) for Reset_Handler
    startup_ht501x.o(RESET) refers to ht60xx_it.o(i.NMI_Handler) for NMI_Handler
    startup_ht501x.o(RESET) refers to ht60xx_it.o(i.HardFault_Handler) for HardFault_Handler
    startup_ht501x.o(RESET) refers to ht60xx_it.o(i.SVC_Handler) for SVC_Handler
    startup_ht501x.o(RESET) refers to ht60xx_it.o(i.PendSV_Handler) for PendSV_Handler
    startup_ht501x.o(RESET) refers to ht60xx_it.o(i.SysTick_Handler) for SysTick_Handler
    startup_ht501x.o(RESET) refers to ht60xx_it.o(i.PMU_IRQHandler) for PMU_IRQHandler
    startup_ht501x.o(RESET) refers to ht60xx_it.o(i.AES_IRQHandler) for AES_IRQHandler
    startup_ht501x.o(RESET) refers to ht60xx_it.o(i.EXTI0_IRQHandler) for EXTI0_IRQHandler
    startup_ht501x.o(RESET) refers to ht60xx_it.o(i.EXTI1_IRQHandler) for EXTI1_IRQHandler
    startup_ht501x.o(RESET) refers to ht60xx_it.o(i.EXTI2_IRQHandler) for EXTI2_IRQHandler
    startup_ht501x.o(RESET) refers to ht60xx_it.o(i.EXTI3_IRQHandler) for EXTI3_IRQHandler
    startup_ht501x.o(RESET) refers to ht60xx_it.o(i.EXTI4_IRQHandler) for EXTI4_IRQHandler
    startup_ht501x.o(RESET) refers to ht60xx_it.o(i.EXTI5_IRQHandler) for EXTI5_IRQHandler
    startup_ht501x.o(RESET) refers to ht60xx_it.o(i.EXTI6_IRQHandler) for EXTI6_IRQHandler
    startup_ht501x.o(RESET) refers to ht60xx_it.o(i.UART0_IRQHandler) for UART0_IRQHandler
    startup_ht501x.o(RESET) refers to ht60xx_it.o(i.UART1_IRQHandler) for UART1_IRQHandler
    startup_ht501x.o(RESET) refers to ht60xx_it.o(i.UART2_IRQHandler) for UART2_IRQHandler
    startup_ht501x.o(RESET) refers to ht60xx_it.o(i.UART3_IRQHandler) for UART3_IRQHandler
    startup_ht501x.o(RESET) refers to ht60xx_it.o(i.UART4_IRQHandler) for UART4_IRQHandler
    startup_ht501x.o(RESET) refers to ht60xx_it.o(i.UART5_IRQHandler) for UART5_IRQHandler
    startup_ht501x.o(RESET) refers to ht60xx_it.o(i.TIMER_0_IRQHandler) for TIMER_0_IRQHandler
    startup_ht501x.o(RESET) refers to ht60xx_it.o(i.TIMER_1_IRQHandler) for TIMER_1_IRQHandler
    startup_ht501x.o(RESET) refers to ht60xx_it.o(i.TIMER_2_IRQHandler) for TIMER_2_IRQHandler
    startup_ht501x.o(RESET) refers to ht60xx_it.o(i.TIMER_3_IRQHandler) for TIMER_3_IRQHandler
    startup_ht501x.o(RESET) refers to ht60xx_it.o(i.TBS_IRQHandler) for TBS_IRQHandler
    startup_ht501x.o(RESET) refers to ht60xx_it.o(i.RTC_IRQHandler) for RTC_IRQHandler
    startup_ht501x.o(RESET) refers to ht60xx_it.o(i.I2C_IRQHandler) for I2C_IRQHandler
    startup_ht501x.o(RESET) refers to ht60xx_it.o(i.SPI0_IRQHandler) for SPI0_IRQHandler
    startup_ht501x.o(RESET) refers to ht60xx_it.o(i.DMA_IRQHandler) for DMA_IRQHandler
    startup_ht501x.o(.text) refers to system_ht6xxx.o(i.SystemInit) for SystemInit
    startup_ht501x.o(.text) refers to entry.o(.ARM.Collect$$$$00000000) for __main
    entry.o(.ARM.Collect$$$$00000000) refers (Special) to entry10a.o(.ARM.Collect$$$$0000000D) for __rt_final_cpp
    entry.o(.ARM.Collect$$$$00000000) refers (Special) to entry11a.o(.ARM.Collect$$$$0000000F) for __rt_final_exit
    entry.o(.ARM.Collect$$$$00000000) refers (Special) to entry7b.o(.ARM.Collect$$$$00000008) for _main_clock
    entry.o(.ARM.Collect$$$$00000000) refers (Special) to entry8b.o(.ARM.Collect$$$$0000000A) for _main_cpp_init
    entry.o(.ARM.Collect$$$$00000000) refers (Special) to entry9a.o(.ARM.Collect$$$$0000000B) for _main_init
    entry.o(.ARM.Collect$$$$00000000) refers (Special) to entry5.o(.ARM.Collect$$$$00000004) for _main_scatterload
    entry.o(.ARM.Collect$$$$00000000) refers (Special) to entry2.o(.ARM.Collect$$$$00000001) for _main_stk
    entry2.o(.ARM.Collect$$$$00000001) refers to entry2.o(.ARM.Collect$$$$00002712) for __lit__00000000
    entry2.o(.ARM.Collect$$$$00002712) refers to startup_ht501x.o(STACK) for __initial_sp
    entry2.o(__vectab_stack_and_reset_area) refers to startup_ht501x.o(STACK) for __initial_sp
    entry2.o(__vectab_stack_and_reset_area) refers to entry.o(.ARM.Collect$$$$00000000) for __main
    entry5.o(.ARM.Collect$$$$00000004) refers to init.o(.text) for __scatterload
    entry9a.o(.ARM.Collect$$$$0000000B) refers to main.o(i.main) for main
    entry9b.o(.ARM.Collect$$$$0000000C) refers to main.o(i.main) for main
    init.o(.text) refers to entry5.o(.ARM.Collect$$$$00000004) for __main_after_scatterload


==============================================================================

Removing Unused input sections from the image.

    Removing main.o(.emb_text), (8 bytes).
    Removing update.o(.emb_text), (8 bytes).
    Removing update.o(i.FlashClrSysUpInfo), (14 bytes).
    Removing update.o(i.FlashReadSysUpInfo), (24 bytes).
    Removing update.o(i.FlashWriteSysUpInfo), (24 bytes).
    Removing update.o(i.UpdateFromAppBkp), (192 bytes).
    Removing update.o(.bss), (1024 bytes).
    Removing update.o(.data), (8 bytes).
    Removing cpucfg.o(.emb_text), (8 bytes).
    Removing ht60xx_it.o(.emb_text), (8 bytes).
    Removing ht60xx_it.o(i.EXTI7_IRQHandler), (24 bytes).
    Removing ht60xx_it.o(i.EXTI8_IRQHandler), (24 bytes).
    Removing ht60xx_it.o(i.EXTI9_IRQHandler), (24 bytes).
    Removing ht60xx_it.o(i.SPI1_IRQHandler), (24 bytes).
    Removing ht60xx_it.o(i.SelfTestF_IRQHandler), (24 bytes).
    Removing ht60xx_it.o(i.TIMER_4_IRQHandler), (24 bytes).
    Removing ht60xx_it.o(i.TIMER_5_IRQHandler), (24 bytes).
    Removing ht60xx_it.o(i.UART6_IRQHandler), (24 bytes).
    Removing cmu.o(.emb_text), (8 bytes).
    Removing cmu.o(i.Close_Pll), (44 bytes).
    Removing cmu.o(i.HT_CMU_ClkCtrl0Config), (56 bytes).
    Removing cmu.o(i.HT_CMU_ClkCtrl1Config), (56 bytes).
    Removing cmu.o(i.SwitchTo_Fhrc), (48 bytes).
    Removing cmu.o(i.SwitchTo_Flf), (40 bytes).
    Removing systick.o(.emb_text), (8 bytes).
    Removing systick.o(i.SysTick_Init), (44 bytes).
    Removing flash.o(.emb_text), (8 bytes).
    Removing flash.o(i.HT_Flash_ByteRead), (40 bytes).
    Removing flash.o(i.HT_Flash_ByteWrite), (72 bytes).
    Removing flash.o(i.HT_Flash_ChipErase), (64 bytes).
    Removing flash.o(i.HT_Flash_HalfWordRead), (36 bytes).
    Removing flash.o(i.HT_Flash_HalfWordWrite), (80 bytes).
    Removing flash.o(i.HT_Flash_PageErase), (64 bytes).
    Removing system_ht6xxx.o(.emb_text), (8 bytes).
    Removing startup_ht501x.o(HEAP), (0 bytes).

35 unused section(s) (total 2186 bytes) removed from the image.

==============================================================================

Image Symbol Table

    Local Symbols

    Symbol Name                              Value     Ov Type        Size  Object(Section)

    RESET                                    0x00000000   Section      192  startup_ht501x.o(RESET)
    ../clib/microlib/init/entry.s            0x00000000   Number         0  entry11b.o ABSOLUTE
    ../clib/microlib/init/entry.s            0x00000000   Number         0  entry11a.o ABSOLUTE
    ../clib/microlib/init/entry.s            0x00000000   Number         0  entry10b.o ABSOLUTE
    ../clib/microlib/init/entry.s            0x00000000   Number         0  entry9b.o ABSOLUTE
    ../clib/microlib/init/entry.s            0x00000000   Number         0  entry9a.o ABSOLUTE
    ../clib/microlib/init/entry.s            0x00000000   Number         0  entry8b.o ABSOLUTE
    ../clib/microlib/init/entry.s            0x00000000   Number         0  entry8a.o ABSOLUTE
    ../clib/microlib/init/entry.s            0x00000000   Number         0  entry7b.o ABSOLUTE
    ../clib/microlib/init/entry.s            0x00000000   Number         0  entry7a.o ABSOLUTE
    ../clib/microlib/init/entry.s            0x00000000   Number         0  entry5.o ABSOLUTE
    ../clib/microlib/init/entry.s            0x00000000   Number         0  entry2.o ABSOLUTE
    ../clib/microlib/init/entry.s            0x00000000   Number         0  entry10a.o ABSOLUTE
    ../clib/microlib/init/entry.s            0x00000000   Number         0  entry.o ABSOLUTE
    ../clib/microlib/string/memcpy.c         0x00000000   Number         0  memcpyb.o ABSOLUTE
    ../clib/microlib/string/memcpy.c         0x00000000   Number         0  memcpya.o ABSOLUTE
    Driver\\cmu.c                            0x00000000   Number         0  cmu.o ABSOLUTE
    Driver\\flash.c                          0x00000000   Number         0  flash.o ABSOLUTE
    Driver\\systick.c                        0x00000000   Number         0  systick.o ABSOLUTE
    Driver\cmu.c                             0x00000000   Number         0  cmu.o ABSOLUTE
    Driver\flash.c                           0x00000000   Number         0  flash.o ABSOLUTE
    Driver\systick.c                         0x00000000   Number         0  systick.o ABSOLUTE
    Libraries\CMSIS\CoreSupport\core_cm0.c   0x00000000   Number         0  core_cm0.o ABSOLUTE
    Libraries\CMSIS\DeviceSupport\system_ht6xxx.c 0x00000000   Number         0  system_ht6xxx.o ABSOLUTE
    Libraries\Startup\startup_ht501x.s       0x00000000   Number         0  startup_ht501x.o ABSOLUTE
    Libraries\\CMSIS\\DeviceSupport\\system_ht6xxx.c 0x00000000   Number         0  system_ht6xxx.o ABSOLUTE
    Main\CpuCfg.c                            0x00000000   Number         0  cpucfg.o ABSOLUTE
    Main\\CpuCfg.c                           0x00000000   Number         0  cpucfg.o ABSOLUTE
    Main\\ht60xx_it.c                        0x00000000   Number         0  ht60xx_it.o ABSOLUTE
    Main\\main.c                             0x00000000   Number         0  main.o ABSOLUTE
    Main\\update.c                           0x00000000   Number         0  update.o ABSOLUTE
    Main\ht60xx_it.c                         0x00000000   Number         0  ht60xx_it.o ABSOLUTE
    Main\main.c                              0x00000000   Number         0  main.o ABSOLUTE
    Main\update.c                            0x00000000   Number         0  update.o ABSOLUTE
    dc.s                                     0x00000000   Number         0  dc.o ABSOLUTE
    handlers.s                               0x00000000   Number         0  handlers.o ABSOLUTE
    init.s                                   0x00000000   Number         0  init.o ABSOLUTE
    .ARM.Collect$$$$00000000                 0x000000c0   Section        0  entry.o(.ARM.Collect$$$$00000000)
    .ARM.Collect$$$$00000001                 0x000000c0   Section        4  entry2.o(.ARM.Collect$$$$00000001)
    .ARM.Collect$$$$00000004                 0x000000c4   Section        4  entry5.o(.ARM.Collect$$$$00000004)
    .ARM.Collect$$$$00000008                 0x000000c8   Section        0  entry7b.o(.ARM.Collect$$$$00000008)
    .ARM.Collect$$$$0000000A                 0x000000c8   Section        0  entry8b.o(.ARM.Collect$$$$0000000A)
    .ARM.Collect$$$$0000000B                 0x000000c8   Section        8  entry9a.o(.ARM.Collect$$$$0000000B)
    .ARM.Collect$$$$0000000D                 0x000000d0   Section        0  entry10a.o(.ARM.Collect$$$$0000000D)
    .ARM.Collect$$$$0000000F                 0x000000d0   Section        0  entry11a.o(.ARM.Collect$$$$0000000F)
    .ARM.Collect$$$$00002712                 0x000000d0   Section        4  entry2.o(.ARM.Collect$$$$00002712)
    __lit__00000000                          0x000000d0   Data           4  entry2.o(.ARM.Collect$$$$00002712)
    .text                                    0x000000d4   Section       28  startup_ht501x.o(.text)
    .text                                    0x000000f0   Section       36  init.o(.text)
    i.AES_IRQHandler                         0x00000114   Section        0  ht60xx_it.o(i.AES_IRQHandler)
    i.Close_Hrc                              0x0000012c   Section        0  cmu.o(i.Close_Hrc)
    i.DMA_IRQHandler                         0x00000158   Section        0  ht60xx_it.o(i.DMA_IRQHandler)
    i.EXTI0_IRQHandler                       0x00000170   Section        0  ht60xx_it.o(i.EXTI0_IRQHandler)
    i.EXTI1_IRQHandler                       0x00000188   Section        0  ht60xx_it.o(i.EXTI1_IRQHandler)
    i.EXTI2_IRQHandler                       0x000001a0   Section        0  ht60xx_it.o(i.EXTI2_IRQHandler)
    i.EXTI3_IRQHandler                       0x000001b8   Section        0  ht60xx_it.o(i.EXTI3_IRQHandler)
    i.EXTI4_IRQHandler                       0x000001d0   Section        0  ht60xx_it.o(i.EXTI4_IRQHandler)
    i.EXTI5_IRQHandler                       0x000001e8   Section        0  ht60xx_it.o(i.EXTI5_IRQHandler)
    i.EXTI6_IRQHandler                       0x00000200   Section        0  ht60xx_it.o(i.EXTI6_IRQHandler)
    i.HT_Flash_WordRead                      0x00000218   Section        0  flash.o(i.HT_Flash_WordRead)
    i.HT_Flash_WordWrite                     0x0000023c   Section        0  flash.o(i.HT_Flash_WordWrite)
    i.HardFault_Handler                      0x0000028c   Section        0  ht60xx_it.o(i.HardFault_Handler)
    i.I2C_IRQHandler                         0x000002a4   Section        0  ht60xx_it.o(i.I2C_IRQHandler)
    i.NMI_Handler                            0x000002bc   Section        0  ht60xx_it.o(i.NMI_Handler)
    i.PMU_IRQHandler                         0x000002d4   Section        0  ht60xx_it.o(i.PMU_IRQHandler)
    i.PendSV_Handler                         0x000002e8   Section        0  ht60xx_it.o(i.PendSV_Handler)
    i.RTC_IRQHandler                         0x00000300   Section        0  ht60xx_it.o(i.RTC_IRQHandler)
    i.SPI0_IRQHandler                        0x00000318   Section        0  ht60xx_it.o(i.SPI0_IRQHandler)
    i.SVC_Handler                            0x00000330   Section        0  ht60xx_it.o(i.SVC_Handler)
    i.SwitchTo_Fpll                          0x00000348   Section        0  cmu.o(i.SwitchTo_Fpll)
    i.SysTick_Handler                        0x00000370   Section        0  ht60xx_it.o(i.SysTick_Handler)
    i.SystemClockInit                        0x00000388   Section        0  main.o(i.SystemClockInit)
    i.SystemInit                             0x000003c8   Section        0  system_ht6xxx.o(i.SystemInit)
    i.TBS_IRQHandler                         0x000003cc   Section        0  ht60xx_it.o(i.TBS_IRQHandler)
    i.TIMER_0_IRQHandler                     0x000003e4   Section        0  ht60xx_it.o(i.TIMER_0_IRQHandler)
    i.TIMER_1_IRQHandler                     0x000003fc   Section        0  ht60xx_it.o(i.TIMER_1_IRQHandler)
    i.TIMER_2_IRQHandler                     0x00000410   Section        0  ht60xx_it.o(i.TIMER_2_IRQHandler)
    i.TIMER_3_IRQHandler                     0x00000428   Section        0  ht60xx_it.o(i.TIMER_3_IRQHandler)
    i.UART0_IRQHandler                       0x00000440   Section        0  ht60xx_it.o(i.UART0_IRQHandler)
    i.UART1_IRQHandler                       0x00000458   Section        0  ht60xx_it.o(i.UART1_IRQHandler)
    i.UART2_IRQHandler                       0x00000470   Section        0  ht60xx_it.o(i.UART2_IRQHandler)
    i.UART3_IRQHandler                       0x00000488   Section        0  ht60xx_it.o(i.UART3_IRQHandler)
    i.UART4_IRQHandler                       0x000004a0   Section        0  ht60xx_it.o(i.UART4_IRQHandler)
    i.UART5_IRQHandler                       0x000004b8   Section        0  ht60xx_it.o(i.UART5_IRQHandler)
    i.__scatterload_copy                     0x000004d0   Section       14  handlers.o(i.__scatterload_copy)
    i.__scatterload_null                     0x000004de   Section        2  handlers.o(i.__scatterload_null)
    i.__scatterload_zeroinit                 0x000004e0   Section       14  handlers.o(i.__scatterload_zeroinit)
    i.delay_ms                               0x000004f0   Section        0  cpucfg.o(i.delay_ms)
    i.main                                   0x00000514   Section        0  main.o(i.main)
    .constdata                               0x00000550   Section        8  cmu.o(.constdata)
    RegisterWriteProtect                     0x00000550   Data           8  cmu.o(.constdata)
    .constdata                               0x00000558   Section        8  flash.o(.constdata)
    RegisterWriteProtect                     0x00000558   Data           8  flash.o(.constdata)
    .ARM.__at_0x0FC0                         0x00000fc0   Section        4  startup_ht501x.o(.ARM.__at_0x0FC0)
    STACK                                    0x20000000   Section     4096  startup_ht501x.o(STACK)

    Global Symbols

    Symbol Name                              Value     Ov Type        Size  Object(Section)

    BuildAttributes$$THM_ISAv3M$S$PE$A:L22$X:L11$S22$IEEE1$IW$USESV6$~STKCKD$USESV7$~SHL$OSPACE$EBA8$MICROLIB$REQ8$PRES8$EABIv2 0x00000000   Number         0  anon$$obj.o ABSOLUTE
    __ARM_use_no_argv                        0x00000000   Number         0  main.o ABSOLUTE
    __Vectors                                0x00000000   Data           4  startup_ht501x.o(RESET)
    __cpp_initialize__aeabi_                  - Undefined Weak Reference
    __cxa_finalize                            - Undefined Weak Reference
    __decompress                              - Undefined Weak Reference
    _clock_init                               - Undefined Weak Reference
    _microlib_exit                            - Undefined Weak Reference
    __main                                   0x000000c1   Thumb Code     0  entry.o(.ARM.Collect$$$$00000000)
    _main_stk                                0x000000c1   Thumb Code     0  entry2.o(.ARM.Collect$$$$00000001)
    _main_scatterload                        0x000000c5   Thumb Code     0  entry5.o(.ARM.Collect$$$$00000004)
    __main_after_scatterload                 0x000000c9   Thumb Code     0  entry5.o(.ARM.Collect$$$$00000004)
    _main_clock                              0x000000c9   Thumb Code     0  entry7b.o(.ARM.Collect$$$$00000008)
    _main_cpp_init                           0x000000c9   Thumb Code     0  entry8b.o(.ARM.Collect$$$$0000000A)
    _main_init                               0x000000c9   Thumb Code     0  entry9a.o(.ARM.Collect$$$$0000000B)
    __rt_final_cpp                           0x000000d1   Thumb Code     0  entry10a.o(.ARM.Collect$$$$0000000D)
    __rt_final_exit                          0x000000d1   Thumb Code     0  entry11a.o(.ARM.Collect$$$$0000000F)
    Reset_Handler                            0x000000d5   Thumb Code     8  startup_ht501x.o(.text)
    EMU_IRQHandler                           0x000000e7   Thumb Code     0  startup_ht501x.o(.text)
    KEY_IRQHandler                           0x000000e7   Thumb Code     0  startup_ht501x.o(.text)
    Reserved_IRQHandler                      0x000000e7   Thumb Code     0  startup_ht501x.o(.text)
    __scatterload                            0x000000f1   Thumb Code    28  init.o(.text)
    __scatterload_rt2                        0x000000f1   Thumb Code     0  init.o(.text)
    AES_IRQHandler                           0x00000115   Thumb Code    18  ht60xx_it.o(i.AES_IRQHandler)
    Close_Hrc                                0x0000012d   Thumb Code    28  cmu.o(i.Close_Hrc)
    DMA_IRQHandler                           0x00000159   Thumb Code    18  ht60xx_it.o(i.DMA_IRQHandler)
    EXTI0_IRQHandler                         0x00000171   Thumb Code    18  ht60xx_it.o(i.EXTI0_IRQHandler)
    EXTI1_IRQHandler                         0x00000189   Thumb Code    18  ht60xx_it.o(i.EXTI1_IRQHandler)
    EXTI2_IRQHandler                         0x000001a1   Thumb Code    18  ht60xx_it.o(i.EXTI2_IRQHandler)
    EXTI3_IRQHandler                         0x000001b9   Thumb Code    18  ht60xx_it.o(i.EXTI3_IRQHandler)
    EXTI4_IRQHandler                         0x000001d1   Thumb Code    18  ht60xx_it.o(i.EXTI4_IRQHandler)
    EXTI5_IRQHandler                         0x000001e9   Thumb Code    18  ht60xx_it.o(i.EXTI5_IRQHandler)
    EXTI6_IRQHandler                         0x00000201   Thumb Code    18  ht60xx_it.o(i.EXTI6_IRQHandler)
    HT_Flash_WordRead                        0x00000219   Thumb Code    30  flash.o(i.HT_Flash_WordRead)
    HT_Flash_WordWrite                       0x0000023d   Thumb Code    62  flash.o(i.HT_Flash_WordWrite)
    HardFault_Handler                        0x0000028d   Thumb Code    18  ht60xx_it.o(i.HardFault_Handler)
    I2C_IRQHandler                           0x000002a5   Thumb Code    18  ht60xx_it.o(i.I2C_IRQHandler)
    NMI_Handler                              0x000002bd   Thumb Code    18  ht60xx_it.o(i.NMI_Handler)
    PMU_IRQHandler                           0x000002d5   Thumb Code    20  ht60xx_it.o(i.PMU_IRQHandler)
    PendSV_Handler                           0x000002e9   Thumb Code    18  ht60xx_it.o(i.PendSV_Handler)
    RTC_IRQHandler                           0x00000301   Thumb Code    18  ht60xx_it.o(i.RTC_IRQHandler)
    SPI0_IRQHandler                          0x00000319   Thumb Code    18  ht60xx_it.o(i.SPI0_IRQHandler)
    SVC_Handler                              0x00000331   Thumb Code    18  ht60xx_it.o(i.SVC_Handler)
    SwitchTo_Fpll                            0x00000349   Thumb Code    32  cmu.o(i.SwitchTo_Fpll)
    SysTick_Handler                          0x00000371   Thumb Code    18  ht60xx_it.o(i.SysTick_Handler)
    SystemClockInit                          0x00000389   Thumb Code    44  main.o(i.SystemClockInit)
    SystemInit                               0x000003c9   Thumb Code     2  system_ht6xxx.o(i.SystemInit)
    TBS_IRQHandler                           0x000003cd   Thumb Code    18  ht60xx_it.o(i.TBS_IRQHandler)
    TIMER_0_IRQHandler                       0x000003e5   Thumb Code    18  ht60xx_it.o(i.TIMER_0_IRQHandler)
    TIMER_1_IRQHandler                       0x000003fd   Thumb Code    20  ht60xx_it.o(i.TIMER_1_IRQHandler)
    TIMER_2_IRQHandler                       0x00000411   Thumb Code    18  ht60xx_it.o(i.TIMER_2_IRQHandler)
    TIMER_3_IRQHandler                       0x00000429   Thumb Code    18  ht60xx_it.o(i.TIMER_3_IRQHandler)
    UART0_IRQHandler                         0x00000441   Thumb Code    18  ht60xx_it.o(i.UART0_IRQHandler)
    UART1_IRQHandler                         0x00000459   Thumb Code    18  ht60xx_it.o(i.UART1_IRQHandler)
    UART2_IRQHandler                         0x00000471   Thumb Code    18  ht60xx_it.o(i.UART2_IRQHandler)
    UART3_IRQHandler                         0x00000489   Thumb Code    18  ht60xx_it.o(i.UART3_IRQHandler)
    UART4_IRQHandler                         0x000004a1   Thumb Code    18  ht60xx_it.o(i.UART4_IRQHandler)
    UART5_IRQHandler                         0x000004b9   Thumb Code    18  ht60xx_it.o(i.UART5_IRQHandler)
    __scatterload_copy                       0x000004d1   Thumb Code    14  handlers.o(i.__scatterload_copy)
    __scatterload_null                       0x000004df   Thumb Code     2  handlers.o(i.__scatterload_null)
    __scatterload_zeroinit                   0x000004e1   Thumb Code    14  handlers.o(i.__scatterload_zeroinit)
    delay_ms                                 0x000004f1   Thumb Code    32  cpucfg.o(i.delay_ms)
    main                                     0x00000515   Thumb Code    52  main.o(i.main)
    Region$$Table$$Base                      0x00000560   Number         0  anon$$obj.o(Region$$Table)
    Region$$Table$$Limit                     0x00000570   Number         0  anon$$obj.o(Region$$Table)
    __initial_sp                             0x20001000   Data           0  startup_ht501x.o(STACK)



==============================================================================

Memory Map of the image

  Image Entry point : 0x000000c1

  Load Region LR_IROM1 (Base: 0x00000000, Size: 0x00000fc4, Max: 0x00001fff, ABSOLUTE)

    Execution Region ER_IROM1 (Base: 0x00000000, Size: 0x00000fc4, Max: 0x00001fff, ABSOLUTE)

    Base Addr    Size         Type   Attr      Idx    E Section Name        Object

    0x00000000   0x000000c0   Data   RO          547    RESET               startup_ht501x.o
    0x000000c0   0x00000000   Code   RO          555  * .ARM.Collect$$$$00000000  mc_p.l(entry.o)
    0x000000c0   0x00000004   Code   RO          562    .ARM.Collect$$$$00000001  mc_p.l(entry2.o)
    0x000000c4   0x00000004   Code   RO          565    .ARM.Collect$$$$00000004  mc_p.l(entry5.o)
    0x000000c8   0x00000000   Code   RO          567    .ARM.Collect$$$$00000008  mc_p.l(entry7b.o)
    0x000000c8   0x00000000   Code   RO          569    .ARM.Collect$$$$0000000A  mc_p.l(entry8b.o)
    0x000000c8   0x00000008   Code   RO          570    .ARM.Collect$$$$0000000B  mc_p.l(entry9a.o)
    0x000000d0   0x00000000   Code   RO          572    .ARM.Collect$$$$0000000D  mc_p.l(entry10a.o)
    0x000000d0   0x00000000   Code   RO          574    .ARM.Collect$$$$0000000F  mc_p.l(entry11a.o)
    0x000000d0   0x00000004   Code   RO          563    .ARM.Collect$$$$00002712  mc_p.l(entry2.o)
    0x000000d4   0x0000001c   Code   RO          549    .text               startup_ht501x.o
    0x000000f0   0x00000024   Code   RO          576    .text               mc_p.l(init.o)
    0x00000114   0x00000018   Code   RO          137    i.AES_IRQHandler    ht60xx_it.o
    0x0000012c   0x0000002c   Code   RO          373    i.Close_Hrc         cmu.o
    0x00000158   0x00000018   Code   RO          138    i.DMA_IRQHandler    ht60xx_it.o
    0x00000170   0x00000018   Code   RO          139    i.EXTI0_IRQHandler  ht60xx_it.o
    0x00000188   0x00000018   Code   RO          140    i.EXTI1_IRQHandler  ht60xx_it.o
    0x000001a0   0x00000018   Code   RO          141    i.EXTI2_IRQHandler  ht60xx_it.o
    0x000001b8   0x00000018   Code   RO          142    i.EXTI3_IRQHandler  ht60xx_it.o
    0x000001d0   0x00000018   Code   RO          143    i.EXTI4_IRQHandler  ht60xx_it.o
    0x000001e8   0x00000018   Code   RO          144    i.EXTI5_IRQHandler  ht60xx_it.o
    0x00000200   0x00000018   Code   RO          145    i.EXTI6_IRQHandler  ht60xx_it.o
    0x00000218   0x00000024   Code   RO          458    i.HT_Flash_WordRead  flash.o
    0x0000023c   0x00000050   Code   RO          459    i.HT_Flash_WordWrite  flash.o
    0x0000028c   0x00000018   Code   RO          149    i.HardFault_Handler  ht60xx_it.o
    0x000002a4   0x00000018   Code   RO          150    i.I2C_IRQHandler    ht60xx_it.o
    0x000002bc   0x00000018   Code   RO          151    i.NMI_Handler       ht60xx_it.o
    0x000002d4   0x00000014   Code   RO          152    i.PMU_IRQHandler    ht60xx_it.o
    0x000002e8   0x00000018   Code   RO          153    i.PendSV_Handler    ht60xx_it.o
    0x00000300   0x00000018   Code   RO          154    i.RTC_IRQHandler    ht60xx_it.o
    0x00000318   0x00000018   Code   RO          155    i.SPI0_IRQHandler   ht60xx_it.o
    0x00000330   0x00000018   Code   RO          157    i.SVC_Handler       ht60xx_it.o
    0x00000348   0x00000028   Code   RO          379    i.SwitchTo_Fpll     cmu.o
    0x00000370   0x00000018   Code   RO          159    i.SysTick_Handler   ht60xx_it.o
    0x00000388   0x00000040   Code   RO            2    i.SystemClockInit   main.o
    0x000003c8   0x00000002   Code   RO          521    i.SystemInit        system_ht6xxx.o
    0x000003ca   0x00000002   PAD
    0x000003cc   0x00000018   Code   RO          160    i.TBS_IRQHandler    ht60xx_it.o
    0x000003e4   0x00000018   Code   RO          161    i.TIMER_0_IRQHandler  ht60xx_it.o
    0x000003fc   0x00000014   Code   RO          162    i.TIMER_1_IRQHandler  ht60xx_it.o
    0x00000410   0x00000018   Code   RO          163    i.TIMER_2_IRQHandler  ht60xx_it.o
    0x00000428   0x00000018   Code   RO          164    i.TIMER_3_IRQHandler  ht60xx_it.o
    0x00000440   0x00000018   Code   RO          167    i.UART0_IRQHandler  ht60xx_it.o
    0x00000458   0x00000018   Code   RO          168    i.UART1_IRQHandler  ht60xx_it.o
    0x00000470   0x00000018   Code   RO          169    i.UART2_IRQHandler  ht60xx_it.o
    0x00000488   0x00000018   Code   RO          170    i.UART3_IRQHandler  ht60xx_it.o
    0x000004a0   0x00000018   Code   RO          171    i.UART4_IRQHandler  ht60xx_it.o
    0x000004b8   0x00000018   Code   RO          172    i.UART5_IRQHandler  ht60xx_it.o
    0x000004d0   0x0000000e   Code   RO          580    i.__scatterload_copy  mc_p.l(handlers.o)
    0x000004de   0x00000002   Code   RO          581    i.__scatterload_null  mc_p.l(handlers.o)
    0x000004e0   0x0000000e   Code   RO          582    i.__scatterload_zeroinit  mc_p.l(handlers.o)
    0x000004ee   0x00000002   PAD
    0x000004f0   0x00000024   Code   RO          121    i.delay_ms          cpucfg.o
    0x00000514   0x0000003c   Code   RO            3    i.main              main.o
    0x00000550   0x00000008   Data   RO          380    .constdata          cmu.o
    0x00000558   0x00000008   Data   RO          460    .constdata          flash.o
    0x00000560   0x00000010   Data   RO          578    Region$$Table       anon$$obj.o
    0x00000570   0x00000a50   PAD
    0x00000fc0   0x00000004   Code   RO          548    .ARM.__at_0x0FC0    startup_ht501x.o


    Execution Region RW_IRAM1 (Base: 0x20000000, Size: 0x00001000, Max: 0x00008000, ABSOLUTE)

    Base Addr    Size         Type   Attr      Idx    E Section Name        Object

    0x20000000   0x00001000   Zero   RW          545    STACK               startup_ht501x.o


==============================================================================

Image component sizes


      Code (inc. data)   RO Data    RW Data    ZI Data      Debug   Object Name

        84         24          8          0          0       1168   cmu.o
        36          4          0          0          0        447   cpucfg.o
       116         24          8          0          0       1661   flash.o
       688        162          0          0          0      12698   ht60xx_it.o
       124         28          0          0          0       6517   main.o
        32         12        192          0       4096        764   startup_ht501x.o
         2          0          0          0          0        409   system_ht6xxx.o

    ----------------------------------------------------------------------
      1084        254       2864          0       4096      23664   Object Totals
         0          0         16          0          0          0   (incl. Generated)
         2          0       2640          0          0          0   (incl. Padding)

    ----------------------------------------------------------------------

      Code (inc. data)   RO Data    RW Data    ZI Data      Debug   Library Member Name

         0          0          0          0          0          0   entry.o
         0          0          0          0          0          0   entry10a.o
         0          0          0          0          0          0   entry11a.o
         8          4          0          0          0          0   entry2.o
         4          0          0          0          0          0   entry5.o
         0          0          0          0          0          0   entry7b.o
         0          0          0          0          0          0   entry8b.o
         8          4          0          0          0          0   entry9a.o
        30          0          0          0          0          0   handlers.o
        36          8          0          0          0         68   init.o

    ----------------------------------------------------------------------
        88         16          0          0          0         68   Library Totals
         2          0          0          0          0          0   (incl. Padding)

    ----------------------------------------------------------------------

      Code (inc. data)   RO Data    RW Data    ZI Data      Debug   Library Name

        86         16          0          0          0         68   mc_p.l

    ----------------------------------------------------------------------
        88         16          0          0          0         68   Library Totals

    ----------------------------------------------------------------------

==============================================================================


      Code (inc. data)   RO Data    RW Data    ZI Data      Debug   

      1172        270       2864          0       4096      22432   Grand Totals
      1172        270       2864          0       4096      22432   ELF Image Totals
      1172        270       2864          0          0          0   ROM Totals

==============================================================================

    Total RO  Size (Code + RO Data)                 4036 (   3.94kB)
    Total RW  Size (RW Data + ZI Data)              4096 (   4.00kB)
    Total ROM Size (Code + RO Data + RW Data)       4036 (   3.94kB)

==============================================================================

